Component: ARM Compiler 5.06 update 1 (build 61) Tool: armlink [4d35a8]

==============================================================================

Section Cross References

    main.o(i.HAL_Delay) refers to rt_cmsis.o(i.osDelay) for osDelay
    main.o(i.main) refers to rt_cmsis.o(i.osKernelInitialize) for osKernelInitialize
    main.o(i.main) refers to stm32f7xx_hal.o(i.HAL_Init) for HAL_Init
    main.o(i.main) refers to clock.o(i.init_sysclk_216MHz) for init_sysclk_216MHz
    main.o(i.main) refers to xbee.o(i.init_xbee) for init_xbee
    main.o(i.main) refers to xbee.o(i.enable_rx_interrupt) for enable_rx_interrupt
    main.o(i.main) refers to rt_cmsis.o(i.osDelay) for osDelay
    main.o(i.main) refers to itm_debug.o(i.print_debug) for print_debug
    main.o(i.main) refers to xbee_processing_thread.o(i.init_xbee_threads) for init_xbee_threads
    main.o(i.main) refers to data_display_thread.o(i.init_display_thread) for init_display_thread
    main.o(i.main) refers to xbee.o(i.send_xbee) for send_xbee
    main.o(i.main) refers to rt_cmsis.o(i.osKernelStart) for osKernelStart
    main.o(i.main) refers to main.o(.data) for init_adc_0
    xbee.o(i.HAL_UART_RxCpltCallback) refers to rt_cmsis.o(i.osMessagePut) for osMessagePut
    xbee.o(i.HAL_UART_RxCpltCallback) refers to stm32f7xx_hal_uart.o(i.HAL_UART_Receive_IT) for HAL_UART_Receive_IT
    xbee.o(i.HAL_UART_RxCpltCallback) refers to xbee.o(.data) for c
    xbee.o(i.HAL_UART_RxCpltCallback) refers to xbee_processing_thread.o(.data) for msg_q
    xbee.o(i.configure_hardware_xbee) refers to stm32f7xx_hal_gpio.o(i.HAL_GPIO_Init) for HAL_GPIO_Init
    xbee.o(i.configure_hardware_xbee) refers to stm32f7xx_hal_cortex.o(i.HAL_NVIC_SetPriority) for HAL_NVIC_SetPriority
    xbee.o(i.configure_hardware_xbee) refers to stm32f7xx_hal_cortex.o(i.HAL_NVIC_EnableIRQ) for HAL_NVIC_EnableIRQ
    xbee.o(i.enable_rx_interrupt) refers to stm32f7xx_hal_uart.o(i.HAL_UART_Receive_IT) for HAL_UART_Receive_IT
    xbee.o(i.enable_rx_interrupt) refers to xbee.o(.data) for c
    xbee.o(i.enable_rx_interrupt) refers to xbee.o(.bss) for xbee_handle
    xbee.o(i.init_xbee) refers to xbee.o(i.configure_hardware_xbee) for configure_hardware_xbee
    xbee.o(i.init_xbee) refers to stm32f7xx_hal_uart.o(i.HAL_UART_Init) for HAL_UART_Init
    xbee.o(i.init_xbee) refers to xbee.o(.bss) for xbee_handle
    xbee.o(i.send_xbee) refers to xbee.o(i.xbee_write) for xbee_write
    xbee.o(i.xbee_write) refers to stm32f7xx_hal_uart.o(i.HAL_UART_Transmit) for HAL_UART_Transmit
    xbee.o(i.xbee_write) refers to xbee.o(.bss) for xbee_handle
    vcom_serial.o(i.configure_hardware_uart) refers to stm32f7xx_hal_gpio.o(i.HAL_GPIO_Init) for HAL_GPIO_Init
    vcom_serial.o(i.fputc) refers to vcom_serial.o(i.serial_write) for serial_write
    vcom_serial.o(i.init_uart) refers to vcom_serial.o(i.configure_hardware_uart) for configure_hardware_uart
    vcom_serial.o(i.init_uart) refers to stm32f7xx_hal_uart.o(i.HAL_UART_Init) for HAL_UART_Init
    vcom_serial.o(i.init_uart) refers to vcom_serial.o(.bss) for uart_handle
    vcom_serial.o(i.serial_write) refers to stm32f7xx_hal_uart.o(i.HAL_UART_Transmit) for HAL_UART_Transmit
    vcom_serial.o(i.serial_write) refers to vcom_serial.o(.bss) for uart_handle
    xbee_processing_thread.o(i.init_xbee_threads) refers to itm_debug.o(i.print_debug) for print_debug
    xbee_processing_thread.o(i.init_xbee_threads) refers to rt_cmsis.o(i.osMessageCreate) for osMessageCreate
    xbee_processing_thread.o(i.init_xbee_threads) refers to rt_cmsis.o(i.osMailCreate) for osMailCreate
    xbee_processing_thread.o(i.init_xbee_threads) refers to rt_cmsis.o(i.osThreadCreate) for osThreadCreate
    xbee_processing_thread.o(i.init_xbee_threads) refers to printfa.o(i.__0printf) for __2printf
    xbee_processing_thread.o(i.init_xbee_threads) refers to xbee_processing_thread.o(.constdata) for os_messageQ_def_message_q
    xbee_processing_thread.o(i.init_xbee_threads) refers to xbee_processing_thread.o(.data) for msg_q
    xbee_processing_thread.o(i.process_packet) refers to rt_cmsis.o(i.osMailAlloc) for osMailAlloc
    xbee_processing_thread.o(i.process_packet) refers to rt_cmsis.o(i.osMailPut) for osMailPut
    xbee_processing_thread.o(i.process_packet) refers to printfa.o(i.__0printf) for __2printf
    xbee_processing_thread.o(i.process_packet) refers to xbee_processing_thread.o(.data) for mail_box
    xbee_processing_thread.o(i.xbee_rx_thread) refers to itm_debug.o(i.print_debug) for print_debug
    xbee_processing_thread.o(i.xbee_rx_thread) refers to rt_cmsis.o(i.osMessageGet) for osMessageGet
    xbee_processing_thread.o(i.xbee_rx_thread) refers to xbee_packet_parser.o(i.xbee_parse_packet) for xbee_parse_packet
    xbee_processing_thread.o(i.xbee_rx_thread) refers to malloc.o(i.malloc) for malloc
    xbee_processing_thread.o(i.xbee_rx_thread) refers to xbee_packet_parser.o(i.get_packet) for get_packet
[...]
    state                                    0x20010054   Data           1  xbee_packet_parser.o(.data)
    xbee_remain                              0x20010058   Data           4  xbee_packet_parser.o(.data)
    .data                                    0x2001005c   Section       24  data_display_thread.o(.data)
    .data                                    0x20010074   Section       16  rtx_conf_cm.o(.data)
    .data                                    0x20010084   Section        4  system_stm32f7xx.o(.data)
    .data                                    0x20010088   Section        4  stm32f7xx_hal.o(.data)
    .data                                    0x2001008c   Section       44  stm32746g_discovery_lcd.o(.data)
    ActiveLayer                              0x200100b4   Data           4  stm32746g_discovery_lcd.o(.data)
    .data                                    0x200100b8   Section        2  stm32746g_discovery_sdram.o(.data)
    sdramstatus                              0x200100b8   Data           1  stm32746g_discovery_sdram.o(.data)
    sdramstatus                              0x200100b9   Data           1  stm32746g_discovery_sdram.o(.data)
    .data                                    0x200100bc   Section        8  rt_cmsis.o(.data)
    .data                                    0x200100c4   Section        8  rt_task.o(.data)
    .data                                    0x200100cc   Section        8  rt_system.o(.data)
    os_lock                                  0x200100cc   Data           1  rt_system.o(.data)
    os_psh_flag                              0x200100cd   Data           1  rt_system.o(.data)
    pend_flags                               0x200100ce   Data           1  rt_system.o(.data)
    .data                                    0x200100d4   Section        4  rt_time.o(.data)
    .data                                    0x200100d8   Section        1  hal_cm.o(.data)
    .data                                    0x200100dc   Section        8  rt_robin.o(.data)
    .data                                    0x200100e4   Section        4  stdout.o(.data)
    .data                                    0x200100e8   Section        4  mvars.o(.data)
    .data                                    0x200100ec   Section        4  mvars.o(.data)
    .bss                                     0x200100f0   Section      112  xbee.o(.bss)
    .bss                                     0x20010160   Section      112  vcom_serial.o(.bss)
    .bss                                     0x200101d0   Section      748  xbee_processing_thread.o(.bss)
    .bss                                     0x200104bc   Section     1030  xbee_packet_parser.o(.bss)
    .bss                                     0x200108c8   Section    33432  rtx_conf_cm.o(.bss)
    .bss                                     0x20018b60   Section      160  stm32f7xx_it.o(.bss)
    msg                                      0x20018b60   Data          80  stm32f7xx_it.o(.bss)
    msg                                      0x20018bb0   Data          80  stm32f7xx_it.o(.bss)
    .bss                                     0x20018c00   Section      388  stm32746g_discovery_lcd.o(.bss)
    hDma2dHandler                            0x20018ca8   Data          64  stm32746g_discovery_lcd.o(.bss)
    DrawProp                                 0x20018ce8   Data          24  stm32746g_discovery_lcd.o(.bss)
    periph_clk_init_struct                   0x20018d00   Data         132  stm32746g_discovery_lcd.o(.bss)
    .bss                                     0x20018d84   Section      288  stm32746g_discovery_sdram.o(.bss)
    Timing                                   0x20018db8   Data          28  stm32746g_discovery_sdram.o(.bss)
    Command                                  0x20018dd4   Data          16  stm32746g_discovery_sdram.o(.bss)
    dma_handle                               0x20018de4   Data          96  stm32746g_discovery_sdram.o(.bss)
    dma_handle                               0x20018e44   Data          96  stm32746g_discovery_sdram.o(.bss)
    .bss                                     0x20018ea4   Section       52  rt_task.o(.bss)
    .bss                                     0x20018ed8   Section       48  rt_list.o(.bss)
    HEAP                                     0x20018f08   Section      512  startup_stm32f746xx.o(HEAP)
    STACK                                    0x20019108   Section     1024  startup_stm32f746xx.o(STACK)

    Global Symbols

    Symbol Name                              Value     Ov Type        Size  Object(Section)

    BuildAttributes$$THM_ISAv4$E$P$D$K$B$S$7EM$VFPi5$EXTD16$VFPS$VFMA$PE$PLD8$A:L22UL41UL21$X:L11$S22US41US21$IEEE1$IW$USESV6$~STKCKD$USESV7$~SHL$OTIME$ROPI$EBA8$MICROLIB$REQ8$PRES8$EABIv2 0x00000000   Number         0  anon$$obj.o ABSOLUTE
    __ARM_use_no_argv                        0x00000000   Number         0  main.o ABSOLUTE
    _printf_a                                0x00000000   Number         0  stubs.o ABSOLUTE
    _printf_c                                0x00000000   Number         0  stubs.o ABSOLUTE
    _printf_charcount                        0x00000000   Number         0  stubs.o ABSOLUTE
    _printf_d                                0x00000000   Number         0  stubs.o ABSOLUTE
    _printf_e                                0x00000000   Number         0  stubs.o ABSOLUTE
    _printf_f                                0x00000000   Number         0  stubs.o ABSOLUTE
    _printf_flags                            0x00000000   Number         0  stubs.o ABSOLUTE
    _printf_fp_dec                           0x00000000   Number         0  stubs.o ABSOLUTE
    _printf_fp_hex                           0x00000000   Number         0  stubs.o ABSOLUTE
    _printf_g                                0x00000000   Number         0  stubs.o ABSOLUTE
    _printf_i                                0x00000000   Number         0  stubs.o ABSOLUTE
    _printf_int_dec                          0x00000000   Number         0  stubs.o ABSOLUTE
    _printf_l                                0x00000000   Number         0  stubs.o ABSOLUTE
    _printf_lc                               0x00000000   Number         0  stubs.o ABSOLUTE
    _printf_ll                               0x00000000   Number         0  stubs.o ABSOLUTE
    _printf_lld                              0x00000000   Number         0  stubs.o ABSOLUTE
    _printf_lli                              0x00000000   Number         0  stubs.o ABSOLUTE
    _printf_llo                              0x00000000   Number         0  stubs.o ABSOLUTE
    _printf_llu                              0x00000000   Number         0  stubs.o ABSOLUTE
    _printf_llx                              0x00000000   Number         0  stubs.o ABSOLUTE
    _printf_longlong_dec                     0x00000000   Number         0  stubs.o ABSOLUTE
    _printf_longlong_hex                     0x00000000   Number         0  stubs.o ABSOLUTE
    _printf_longlong_oct                     0x00000000   Number         0  stubs.o ABSOLUTE
    _printf_ls                               0x00000000   Number         0  stubs.o ABSOLUTE
    _printf_mbtowc                           0x00000000   Number         0  stubs.o ABSOLUTE
    _printf_n                                0x00000000   Number         0  stubs.o ABSOLUTE
    _printf_o                                0x00000000   Number         0  stubs.o ABSOLUTE
    _printf_p                                0x00000000   Number         0  stubs.o ABSOLUTE
    _printf_percent                          0x00000000   Number         0  stubs.o ABSOLUTE
    _printf_pre_padding                      0x00000000   Number         0  stubs.o ABSOLUTE
    _printf_return_value                     0x00000000   Number         0  stubs.o ABSOLUTE
    _printf_s                                0x00000000   Number         0  stubs.o ABSOLUTE
    _printf_sizespec                         0x00000000   Number         0  stubs.o ABSOLUTE
    _printf_str                              0x00000000   Number         0  stubs.o ABSOLUTE
    _printf_truncate_signed                  0x00000000   Number         0  stubs.o ABSOLUTE
    _printf_truncate_unsigned                0x00000000   Number         0  stubs.o ABSOLUTE
    _printf_u                                0x00000000   Number         0  stubs.o ABSOLUTE
    _printf_wc                               0x00000000   Number         0  stubs.o ABSOLUTE
    _printf_wctomb                           0x00000000   Number         0  stubs.o ABSOLUTE
    _printf_widthprec                        0x00000000   Number         0  stubs.o ABSOLUTE
    _printf_x                                0x00000000   Number         0  stubs.o ABSOLUTE
    __cpp_initialize__aeabi_                  - Undefined Weak Reference
    __cxa_finalize                            - Undefined Weak Reference
    __decompress                              - Undefined Weak Reference
    _clock_init                               - Undefined Weak Reference
    _microlib_exit                            - Undefined Weak Reference
    __Vectors_Size                           0x000001c8   Number         0  startup_stm32f746xx.o ABSOLUTE
    __RL_RTX_VER                             0x00000482   Number         0  rt_system.o ABSOLUTE
    __Vectors                                0x08000000   Data           4  startup_stm32f746xx.o(RESET)
    __Vectors_End                            0x080001c8   Data           0  startup_stm32f746xx.o(RESET)
    __main                                   0x080001c9   Thumb Code     0  entry.o(.ARM.Collect$$$$00000000)
    _main_stk                                0x080001c9   Thumb Code     0  entry2.o(.ARM.Collect$$$$00000001)
    _main_scatterload                        0x080001cd   Thumb Code     0  entry5.o(.ARM.Collect$$$$00000004)
    __main_after_scatterload                 0x080001d1   Thumb Code     0  entry5.o(.ARM.Collect$$$$00000004)
    __rt_final_cpp                           0x080001d1   Thumb Code     0  entry10a.o(.ARM.Collect$$$$0000000D)
    __rt_final_exit                          0x080001d1   Thumb Code     0  entry11a.o(.ARM.Collect$$$$0000000F)
    _main_clock                              0x080001d1   Thumb Code     0  entry7b.o(.ARM.Collect$$$$00000008)
    _main_cpp_init                           0x080001d1   Thumb Code     0  entry8b.o(.ARM.Collect$$$$0000000A)
    _main_init                               0x080001d1   Thumb Code    18  rtx_conf_cm.o(.ARM.Collect$$$$000000FF)
    HardFault_Handler                        0x080001ed   Thumb Code    18  stm32f7xx_it.o(.emb_text)
    rt_set_PSP                               0x08000201   Thumb Code     6  hal_cm4.o(.emb_text)
    rt_get_PSP                               0x08000207   Thumb Code     6  hal_cm4.o(.emb_text)
    os_set_env                               0x0800020d   Thumb Code    24  hal_cm4.o(.emb_text)
    _alloc_box                               0x08000229   Thumb Code    28  hal_cm4.o(.emb_text)
    _free_box                                0x08000249   Thumb Code    28  hal_cm4.o(.emb_text)
    SVC_Handler                              0x08000269   Thumb Code   168  hal_cm4.o(.emb_text)
    PendSV_Handler                           0x08000321   Thumb Code    96  hal_cm4.o(.emb_text)
    SysTick_Handler                          0x08000385   Thumb Code     8  hal_cm4.o(.emb_text)
    OS_Tick_Handler                          0x0800038d   Thumb Code    12  hal_cm4.o(.emb_text)
    Reset_Handler                            0x08000399   Thumb Code     8  startup_stm32f746xx.o(.text)
    ADC_IRQHandler                           0x080003b3   Thumb Code     0  startup_stm32f746xx.o(.text)
    CAN1_RX0_IRQHandler                      0x080003b3   Thumb Code     0  startup_stm32f746xx.o(.text)
    CAN1_RX1_IRQHandler                      0x080003b3   Thumb Code     0  startup_stm32f746xx.o(.text)
    CAN1_SCE_IRQHandler                      0x080003b3   Thumb Code     0  startup_stm32f746xx.o(.text)
    CAN1_TX_IRQHandler                       0x080003b3   Thumb Code     0  startup_stm32f746xx.o(.text)
    CAN2_RX0_IRQHandler                      0x080003b3   Thumb Code     0  startup_stm32f746xx.o(.text)
    CAN2_RX1_IRQHandler                      0x080003b3   Thumb Code     0  startup_stm32f746xx.o(.text)
    CAN2_SCE_IRQHandler                      0x080003b3   Thumb Code     0  startup_stm32f746xx.o(.text)
    CAN2_TX_IRQHandler                       0x080003b3   Thumb Code     0  startup_stm32f746xx.o(.text)
    CEC_IRQHandler                           0x080003b3   Thumb Code     0  startup_stm32f746xx.o(.text)
    DCMI_IRQHandler                          0x080003b3   Thumb Code     0  startup_stm32f746xx.o(.text)
    DMA1_Stream0_IRQHandler                  0x080003b3   Thumb Code     0  startup_stm32f746xx.o(.text)
    DMA1_Stream1_IRQHandler                  0x080003b3   Thumb Code     0  startup_stm32f746xx.o(.text)
    DMA1_Stream2_IRQHandler                  0x080003b3   Thumb Code     0  startup_stm32f746xx.o(.text)
    DMA1_Stream3_IRQHandler                  0x080003b3   Thumb Code     0  startup_stm32f746xx.o(.text)
    DMA1_Stream4_IRQHandler                  0x080003b3   Thumb Code     0  startup_stm32f746xx.o(.text)
    DMA1_Stream5_IRQHandler                  0x080003b3   Thumb Code     0  startup_stm32f746xx.o(.text)
    DMA1_Stream6_IRQHandler                  0x080003b3   Thumb Code     0  startup_stm32f746xx.o(.text)
    DMA1_Stream7_IRQHandler                  0x080003b3   Thumb Code     0  startup_stm32f746xx.o(.text)
    DMA2D_IRQHandler                         0x080003b3   Thumb Code     0  startup_stm32f746xx.o(.text)
    DMA2_Stream0_IRQHandler                  0x080003b3   Thumb Code     0  startup_stm32f746xx.o(.text)
    DMA2_Stream1_IRQHandler                  0x080003b3   Thumb Code     0  startup_stm32f746xx.o(.text)
    DMA2_Stream2_IRQHandler                  0x080003b3   Thumb Code     0  startup_stm32f746xx.o(.text)
    DMA2_Stream3_IRQHandler                  0x080003b3   Thumb Code     0  startup_stm32f746xx.o(.text)
    DMA2_Stream4_IRQHandler                  0x080003b3   Thumb Code     0  startup_stm32f746xx.o(.text)
    DMA2_Stream5_IRQHandler                  0x080003b3   Thumb Code     0  startup_stm32f746xx.o(.text)
    DMA2_Stream6_IRQHandler                  0x080003b3   Thumb Code     0  startup_stm32f746xx.o(.text)
    DMA2_Stream7_IRQHandler                  0x080003b3   Thumb Code     0  startup_stm32f746xx.o(.text)
    ETH_IRQHandler                           0x080003b3   Thumb Code     0  startup_stm32f746xx.o(.text)
    ETH_WKUP_IRQHandler                      0x080003b3   Thumb Code     0  startup_stm32f746xx.o(.text)
    EXTI0_IRQHandler                         0x080003b3   Thumb Code     0  startup_stm32f746xx.o(.text)
    EXTI15_10_IRQHandler                     0x080003b3   Thumb Code     0  startup_stm32f746xx.o(.text)
    EXTI1_IRQHandler                         0x080003b3   Thumb Code     0  startup_stm32f746xx.o(.text)
    EXTI2_IRQHandler                         0x080003b3   Thumb Code     0  startup_stm32f746xx.o(.text)
    EXTI3_IRQHandler                         0x080003b3   Thumb Code     0  startup_stm32f746xx.o(.text)
    EXTI4_IRQHandler                         0x080003b3   Thumb Code     0  startup_stm32f746xx.o(.text)
    EXTI9_5_IRQHandler                       0x080003b3   Thumb Code     0  startup_stm32f746xx.o(.text)
    FLASH_IRQHandler                         0x080003b3   Thumb Code     0  startup_stm32f746xx.o(.text)
    FMC_IRQHandler                           0x080003b3   Thumb Code     0  startup_stm32f746xx.o(.text)
    FPU_IRQHandler                           0x080003b3   Thumb Code     0  startup_stm32f746xx.o(.text)
    I2C1_ER_IRQHandler                       0x080003b3   Thumb Code     0  startup_stm32f746xx.o(.text)
    I2C1_EV_IRQHandler                       0x080003b3   Thumb Code     0  startup_stm32f746xx.o(.text)
    I2C2_ER_IRQHandler                       0x080003b3   Thumb Code     0  startup_stm32f746xx.o(.text)
    I2C2_EV_IRQHandler                       0x080003b3   Thumb Code     0  startup_stm32f746xx.o(.text)
    I2C3_ER_IRQHandler                       0x080003b3   Thumb Code     0  startup_stm32f746xx.o(.text)
    I2C3_EV_IRQHandler                       0x080003b3   Thumb Code     0  startup_stm32f746xx.o(.text)
    I2C4_ER_IRQHandler                       0x080003b3   Thumb Code     0  startup_stm32f746xx.o(.text)
    I2C4_EV_IRQHandler                       0x080003b3   Thumb Code     0  startup_stm32f746xx.o(.text)
    LPTIM1_IRQHandler                        0x080003b3   Thumb Code     0  startup_stm32f746xx.o(.text)
    LTDC_ER_IRQHandler                       0x080003b3   Thumb Code     0  startup_stm32f746xx.o(.text)
    LTDC_IRQHandler                          0x080003b3   Thumb Code     0  startup_stm32f746xx.o(.text)
    OTG_FS_IRQHandler                        0x080003b3   Thumb Code     0  startup_stm32f746xx.o(.text)
    OTG_FS_WKUP_IRQHandler                   0x080003b3   Thumb Code     0  startup_stm32f746xx.o(.text)
    OTG_HS_EP1_IN_IRQHandler                 0x080003b3   Thumb Code     0  startup_stm32f746xx.o(.text)
    OTG_HS_EP1_OUT_IRQHandler                0x080003b3   Thumb Code     0  startup_stm32f746xx.o(.text)
    OTG_HS_IRQHandler                        0x080003b3   Thumb Code     0  startup_stm32f746xx.o(.text)
    OTG_HS_WKUP_IRQHandler                   0x080003b3   Thumb Code     0  startup_stm32f746xx.o(.text)
    PVD_IRQHandler                           0x080003b3   Thumb Code     0  startup_stm32f746xx.o(.text)
    QUADSPI_IRQHandler                       0x080003b3   Thumb Code     0  startup_stm32f746xx.o(.text)
    RCC_IRQHandler                           0x080003b3   Thumb Code     0  startup_stm32f746xx.o(.text)
    RNG_IRQHandler                           0x080003b3   Thumb Code     0  startup_stm32f746xx.o(.text)
    RTC_Alarm_IRQHandler                     0x080003b3   Thumb Code     0  startup_stm32f746xx.o(.text)
    RTC_WKUP_IRQHandler                      0x080003b3   Thumb Code     0  startup_stm32f746xx.o(.text)
    SAI1_IRQHandler                          0x080003b3   Thumb Code     0  startup_stm32f746xx.o(.text)
    SAI2_IRQHandler                          0x080003b3   Thumb Code     0  startup_stm32f746xx.o(.text)
    SDMMC1_IRQHandler                        0x080003b3   Thumb Code     0  startup_stm32f746xx.o(.text)
    SPDIF_RX_IRQHandler                      0x080003b3   Thumb Code     0  startup_stm32f746xx.o(.text)
    SPI1_IRQHandler                          0x080003b3   Thumb Code     0  startup_stm32f746xx.o(.text)
    SPI2_IRQHandler                          0x080003b3   Thumb Code     0  startup_stm32f746xx.o(.text)
    SPI3_IRQHandler                          0x080003b3   Thumb Code     0  startup_stm32f746xx.o(.text)
    SPI4_IRQHandler                          0x080003b3   Thumb Code     0  startup_stm32f746xx.o(.text)
    SPI5_IRQHandler                          0x080003b3   Thumb Code     0  startup_stm32f746xx.o(.text)
    SPI6_IRQHandler                          0x080003b3   Thumb Code     0  startup_stm32f746xx.o(.text)
    TAMP_STAMP_IRQHandler                    0x080003b3   Thumb Code     0  startup_stm32f746xx.o(.text)
    TIM1_BRK_TIM9_IRQHandler                 0x080003b3   Thumb Code     0  startup_stm32f746xx.o(.text)
    TIM1_CC_IRQHandler                       0x080003b3   Thumb Code     0  startup_stm32f746xx.o(.text)
    TIM1_TRG_COM_TIM11_IRQHandler            0x080003b3   Thumb Code     0  startup_stm32f746xx.o(.text)
    TIM1_UP_TIM10_IRQHandler                 0x080003b3   Thumb Code     0  startup_stm32f746xx.o(.text)
    TIM2_IRQHandler                          0x080003b3   Thumb Code     0  startup_stm32f746xx.o(.text)
    TIM3_IRQHandler                          0x080003b3   Thumb Code     0  startup_stm32f746xx.o(.text)
    TIM4_IRQHandler                          0x080003b3   Thumb Code     0  startup_stm32f746xx.o(.text)
    TIM5_IRQHandler                          0x080003b3   Thumb Code     0  startup_stm32f746xx.o(.text)
    TIM6_DAC_IRQHandler                      0x080003b3   Thumb Code     0  startup_stm32f746xx.o(.text)
    TIM7_IRQHandler                          0x080003b3   Thumb Code     0  startup_stm32f746xx.o(.text)
    TIM8_BRK_TIM12_IRQHandler                0x080003b3   Thumb Code     0  startup_stm32f746xx.o(.text)
    TIM8_CC_IRQHandler                       0x080003b3   Thumb Code     0  startup_stm32f746xx.o(.text)
    TIM8_TRG_COM_TIM14_IRQHandler            0x080003b3   Thumb Code     0  startup_stm32f746xx.o(.text)
    TIM8_UP_TIM13_IRQHandler                 0x080003b3   Thumb Code     0  startup_stm32f746xx.o(.text)
    UART4_IRQHandler                         0x080003b3   Thumb Code     0  startup_stm32f746xx.o(.text)
    UART5_IRQHandler                         0x080003b3   Thumb Code     0  startup_stm32f746xx.o(.text)
    UART7_IRQHandler                         0x080003b3   Thumb Code     0  startup_stm32f746xx.o(.text)
    UART8_IRQHandler                         0x080003b3   Thumb Code     0  startup_stm32f746xx.o(.text)
    USART1_IRQHandler                        0x080003b3   Thumb Code     0  startup_stm32f746xx.o(.text)
    USART2_IRQHandler                        0x080003b3   Thumb Code     0  startup_stm32f746xx.o(.text)
    USART3_IRQHandler                        0x080003b3   Thumb Code     0  startup_stm32f746xx.o(.text)
    WWDG_IRQHandler                          0x080003b3   Thumb Code     0  startup_stm32f746xx.o(.text)
    __aeabi_uldivmod                         0x080003bd   Thumb Code    98  uldiv.o(.text)
    __aeabi_memcpy                           0x0800041f   Thumb Code    36  memcpya.o(.text)
    __aeabi_memcpy4                          0x0800041f   Thumb Code     0  memcpya.o(.text)
    __aeabi_memcpy8                          0x0800041f   Thumb Code     0  memcpya.o(.text)
    __aeabi_dadd                             0x08000443   Thumb Code   322  dadd.o(.text)
    __aeabi_dsub                             0x08000585   Thumb Code     6  dadd.o(.text)
    __aeabi_drsub                            0x0800058b   Thumb Code     6  dadd.o(.text)
    __aeabi_dmul                             0x08000591   Thumb Code   228  dmul.o(.text)
    __aeabi_ddiv                             0x08000675   Thumb Code   222  ddiv.o(.text)
    __aeabi_ui2d                             0x08000753   Thumb Code    26  dfltui.o(.text)
    __aeabi_d2iz                             0x0800076d   Thumb Code    62  dfixi.o(.text)
    __aeabi_f2d                              0x080007ab   Thumb Code    38  f2d.o(.text)
    __aeabi_d2f                              0x080007d1   Thumb Code    56  d2f.o(.text)
    __aeabi_uidiv                            0x08000809   Thumb Code     0  uidiv.o(.text)
    __aeabi_uidivmod                         0x08000809   Thumb Code    44  uidiv.o(.text)
    __aeabi_llsl                             0x08000835   Thumb Code    30  llshl.o(.text)
    _ll_shift_l                              0x08000835   Thumb Code     0  llshl.o(.text)
    __aeabi_llsr                             0x08000853   Thumb Code    32  llushr.o(.text)
    _ll_ushift_r                             0x08000853   Thumb Code     0  llushr.o(.text)
    __aeabi_lasr                             0x08000873   Thumb Code    36  llsshr.o(.text)
    _ll_sshift_r                             0x08000873   Thumb Code     0  llsshr.o(.text)
    __I$use$fp                               0x08000897   Thumb Code     0  iusefp.o(.text)
    _float_round                             0x08000897   Thumb Code    18  fepilogue.o(.text)
    _float_epilogue                          0x080008a9   Thumb Code    92  fepilogue.o(.text)
    _double_round                            0x08000905   Thumb Code    30  depilogue.o(.text)
    _double_epilogue                         0x08000923   Thumb Code   156  depilogue.o(.text)
    __aeabi_d2ulz                            0x080009bf   Thumb Code    48  dfixul.o(.text)
    __aeabi_cdrcmple                         0x080009f1   Thumb Code    48  cdrcmple.o(.text)
    __scatterload                            0x08000a21   Thumb Code    28  init.o(.text)
    __scatterload_rt2                        0x08000a21   Thumb Code     0  init.o(.text)
    SVC_Count                                0x08000a44   Data           4  svc_table.o(SVC_TABLE)
    BSP_LCD_Clear                            0x08000a49   Thumb Code    56  stm32746g_discovery_lcd.o(i.BSP_LCD_Clear)
    SVC_Table                                0x08000a48   Data           0  svc_table.o(SVC_TABLE)
    BSP_LCD_ClearStringLine                  0x08000a89   Thumb Code   132  stm32746g_discovery_lcd.o(i.BSP_LCD_ClearStringLine)
    BSP_LCD_ClockConfig                      0x08000b15   Thumb Code    38  stm32746g_discovery_lcd.o(i.BSP_LCD_ClockConfig)
    BSP_LCD_DisplayChar                      0x08000b41   Thumb Code    96  stm32746g_discovery_lcd.o(i.BSP_LCD_DisplayChar)
    BSP_LCD_DisplayStringAt                  0x08000ba9   Thumb Code   286  stm32746g_discovery_lcd.o(i.BSP_LCD_DisplayStringAt)
    BSP_LCD_DisplayStringAtLine              0x08000cd1   Thumb Code    30  stm32746g_discovery_lcd.o(i.BSP_LCD_DisplayStringAtLine)
    BSP_LCD_DrawPixel                        0x08000cf1   Thumb Code    98  stm32746g_discovery_lcd.o(i.BSP_LCD_DrawPixel)
    BSP_LCD_FillRect                         0x08000d5d   Thumb Code   170  stm32746g_discovery_lcd.o(i.BSP_LCD_FillRect)
    BSP_LCD_GetFont                          0x08000e15   Thumb Code    18  stm32746g_discovery_lcd.o(i.BSP_LCD_GetFont)
    BSP_LCD_GetXSize                         0x08000e31   Thumb Code    22  stm32746g_discovery_lcd.o(i.BSP_LCD_GetXSize)
    BSP_LCD_GetYSize                         0x08000e51   Thumb Code    22  stm32746g_discovery_lcd.o(i.BSP_LCD_GetYSize)
    BSP_LCD_Init                             0x08000e71   Thumb Code   156  stm32746g_discovery_lcd.o(i.BSP_LCD_Init)
    BSP_LCD_LayerDefaultInit                 0x08000f21   Thumb Code   132  stm32746g_discovery_lcd.o(i.BSP_LCD_LayerDefaultInit)
    BSP_LCD_MspInit                          0x08000fb1   Thumb Code   402  stm32746g_discovery_lcd.o(i.BSP_LCD_MspInit)
    BSP_LCD_SelectLayer                      0x0800115d   Thumb Code     6  stm32746g_discovery_lcd.o(i.BSP_LCD_SelectLayer)
    BSP_LCD_SetBackColor                     0x08001169   Thumb Code    18  stm32746g_discovery_lcd.o(i.BSP_LCD_SetBackColor)
    BSP_LCD_SetFont                          0x08001185   Thumb Code    18  stm32746g_discovery_lcd.o(i.BSP_LCD_SetFont)
    BSP_LCD_SetTextColor                     0x080011a1   Thumb Code    16  stm32746g_discovery_lcd.o(i.BSP_LCD_SetTextColor)
    BSP_SDRAM_Init                           0x080011b9   Thumb Code   122  stm32746g_discovery_sdram.o(i.BSP_SDRAM_Init)
    BSP_SDRAM_Initialization_sequence        0x08001245   Thumb Code   142  stm32746g_discovery_sdram.o(i.BSP_SDRAM_Initialization_sequence)
    BSP_SDRAM_MspInit                        0x080012dd   Thumb Code   418  stm32746g_discovery_sdram.o(i.BSP_SDRAM_MspInit)
    BusFault_Handler                         0x080014a5   Thumb Code     4  stm32f7xx_it.o(i.BusFault_Handler)
    DebugMon_Handler                         0x0800168f   Thumb Code     2  stm32f7xx_it.o(i.DebugMon_Handler)
    FMC_SDRAM_Init                           0x08001795   Thumb Code   116  stm32f7xx_ll_fmc.o(i.FMC_SDRAM_Init)
    FMC_SDRAM_ProgramRefreshRate             0x08001809   Thumb Code    14  stm32f7xx_ll_fmc.o(i.FMC_SDRAM_ProgramRefreshRate)
    FMC_SDRAM_SendCommand                    0x08001817   Thumb Code    82  stm32f7xx_ll_fmc.o(i.FMC_SDRAM_SendCommand)
    FMC_SDRAM_Timing_Init                    0x08001869   Thumb Code   152  stm32f7xx_ll_fmc.o(i.FMC_SDRAM_Timing_Init)
    HAL_DMA2D_ConfigLayer                    0x08001905   Thumb Code   228  stm32f7xx_hal_dma2d.o(i.HAL_DMA2D_ConfigLayer)
    HAL_DMA2D_Init                           0x080019ed   Thumb Code    96  stm32f7xx_hal_dma2d.o(i.HAL_DMA2D_Init)
    HAL_DMA2D_MspInit                        0x08001a4d   Thumb Code     2  stm32f7xx_hal_dma2d.o(i.HAL_DMA2D_MspInit)
    HAL_DMA2D_PollForTransfer                0x08001a4f   Thumb Code   360  stm32f7xx_hal_dma2d.o(i.HAL_DMA2D_PollForTransfer)
    HAL_DMA2D_Start                          0x08001bb7   Thumb Code    78  stm32f7xx_hal_dma2d.o(i.HAL_DMA2D_Start)
    HAL_DMA_Abort_IT                         0x08001c05   Thumb Code    40  stm32f7xx_hal_dma.o(i.HAL_DMA_Abort_IT)
    HAL_DMA_DeInit                           0x08001c2d   Thumb Code    98  stm32f7xx_hal_dma.o(i.HAL_DMA_DeInit)
    HAL_DMA_Init                             0x08001c91   Thumb Code   232  stm32f7xx_hal_dma.o(i.HAL_DMA_Init)
    HAL_Delay                                0x08001d7d   Thumb Code    10  main.o(i.HAL_Delay)
    HAL_GPIO_Init                            0x08001d89   Thumb Code   484  stm32f7xx_hal_gpio.o(i.HAL_GPIO_Init)
    HAL_GPIO_ReadPin                         0x08001fa1   Thumb Code    16  stm32f7xx_hal_gpio.o(i.HAL_GPIO_ReadPin)
    HAL_GPIO_WritePin                        0x08001fb1   Thumb Code    12  stm32f7xx_hal_gpio.o(i.HAL_GPIO_WritePin)
    HAL_GetTick                              0x08001fbd   Thumb Code     6  stm32f7xx_hal.o(i.HAL_GetTick)
    HAL_Init                                 0x08001fc9   Thumb Code    34  stm32f7xx_hal.o(i.HAL_Init)
    HAL_InitTick                             0x08001ff1   Thumb Code    36  stm32f7xx_hal.o(i.HAL_InitTick)
    HAL_LTDC_ConfigLayer                     0x08002019   Thumb Code    94  stm32f7xx_hal_ltdc.o(i.HAL_LTDC_ConfigLayer)
    HAL_LTDC_GetState                        0x08002077   Thumb Code     8  stm32f7xx_hal_ltdc.o(i.HAL_LTDC_GetState)
    HAL_LTDC_Init                            0x08002081   Thumb Code   290  stm32f7xx_hal_ltdc.o(i.HAL_LTDC_Init)
    HAL_LTDC_MspInit                         0x080021a9   Thumb Code     2  stm32f7xx_hal_ltdc.o(i.HAL_LTDC_MspInit)
    HAL_MspInit                              0x080021ab   Thumb Code     2  stm32f7xx_hal.o(i.HAL_MspInit)
    HAL_NVIC_EnableIRQ                       0x080021ad   Thumb Code    26  stm32f7xx_hal_cortex.o(i.HAL_NVIC_EnableIRQ)
    HAL_NVIC_SetPriority                     0x080021c7   Thumb Code   124  stm32f7xx_hal_cortex.o(i.HAL_NVIC_SetPriority)
    HAL_NVIC_SetPriorityGrouping             0x08002245   Thumb Code    32  stm32f7xx_hal_cortex.o(i.HAL_NVIC_SetPriorityGrouping)
    HAL_PWREx_EnableOverDrive                0x0800226d   Thumb Code   136  stm32f7xx_hal_pwr_ex.o(i.HAL_PWREx_EnableOverDrive)
    HAL_RCCEx_PeriphCLKConfig                0x080022fd   Thumb Code  2322  stm32f7xx_hal_rcc_ex.o(i.HAL_RCCEx_PeriphCLKConfig)
    HAL_RCC_ClockConfig                      0x08002c15   Thumb Code   420  stm32f7xx_hal_rcc.o(i.HAL_RCC_ClockConfig)
    HAL_RCC_GetHCLKFreq                      0x08002dc9   Thumb Code     6  stm32f7xx_hal_rcc.o(i.HAL_RCC_GetHCLKFreq)
    HAL_RCC_GetPCLK1Freq                     0x08002dd5   Thumb Code    36  stm32f7xx_hal_rcc.o(i.HAL_RCC_GetPCLK1Freq)
    HAL_RCC_GetPCLK2Freq                     0x08002e01   Thumb Code    36  stm32f7xx_hal_rcc.o(i.HAL_RCC_GetPCLK2Freq)
    HAL_RCC_GetSysClockFreq                  0x08002e2d   Thumb Code   168  stm32f7xx_hal_rcc.o(i.HAL_RCC_GetSysClockFreq)
    HAL_RCC_OscConfig                        0x08002ee1   Thumb Code  1252  stm32f7xx_hal_rcc.o(i.HAL_RCC_OscConfig)
    HAL_SDRAM_Init                           0x080033c9   Thumb Code    64  stm32f7xx_hal_sdram.o(i.HAL_SDRAM_Init)
    HAL_SDRAM_MspInit                        0x08003409   Thumb Code     2  stm32f7xx_hal_sdram.o(i.HAL_SDRAM_MspInit)
    HAL_SDRAM_ProgramRefreshRate             0x0800340b   Thumb Code    40  stm32f7xx_hal_sdram.o(i.HAL_SDRAM_ProgramRefreshRate)
    HAL_SDRAM_SendCommand                    0x08003433   Thumb Code    58  stm32f7xx_hal_sdram.o(i.HAL_SDRAM_SendCommand)
    HAL_SYSTICK_CLKSourceConfig              0x0800346d   Thumb Code    40  stm32f7xx_hal_cortex.o(i.HAL_SYSTICK_CLKSourceConfig)
    HAL_SYSTICK_Config                       0x08003495   Thumb Code    52  stm32f7xx_hal_cortex.o(i.HAL_SYSTICK_Config)
    HAL_UART_ErrorCallback                   0x080034c9   Thumb Code     2  stm32f7xx_hal_uart.o(i.HAL_UART_ErrorCallback)
    HAL_UART_IRQHandler                      0x080034cd   Thumb Code   348  stm32f7xx_hal_uart.o(i.HAL_UART_IRQHandler)
    HAL_UART_Init                            0x0800362d   Thumb Code   120  stm32f7xx_hal_uart.o(i.HAL_UART_Init)
    HAL_UART_MspInit                         0x080036a5   Thumb Code     2  stm32f7xx_hal_uart.o(i.HAL_UART_MspInit)
    HAL_UART_Receive_IT                      0x080036a7   Thumb Code   188  stm32f7xx_hal_uart.o(i.HAL_UART_Receive_IT)
    HAL_UART_RxCpltCallback                  0x08003765   Thumb Code    30  xbee.o(i.HAL_UART_RxCpltCallback)
    HAL_UART_Transmit                        0x0800378d   Thumb Code   198  stm32f7xx_hal_uart.o(i.HAL_UART_Transmit)
    HAL_UART_TxCpltCallback                  0x08003853   Thumb Code     2  stm32f7xx_hal_uart.o(i.HAL_UART_TxCpltCallback)
    Hard_Fault_Handler                       0x08003855   Thumb Code   140  stm32f7xx_it.o(i.Hard_Fault_Handler)
    MemManage_Handler                        0x08003bd7   Thumb Code     4  stm32f7xx_it.o(i.MemManage_Handler)
    NMI_Handler                              0x08003bdb   Thumb Code     2  stm32f7xx_it.o(i.NMI_Handler)
    SystemInit                               0x08003c15   Thumb Code    82  system_stm32f7xx.o(i.SystemInit)
    UART_AdvFeatureConfig                    0x08003c79   Thumb Code   234  stm32f7xx_hal_uart.o(i.UART_AdvFeatureConfig)
    UART_CheckIdleState                      0x08003d63   Thumb Code    78  stm32f7xx_hal_uart.o(i.UART_CheckIdleState)
    UART_SetConfig                           0x08003e91   Thumb Code   858  stm32f7xx_hal_uart.o(i.UART_SetConfig)
    UART_WaitOnFlagUntilTimeout              0x08004287   Thumb Code   108  stm32f7xx_hal_uart.o(i.UART_WaitOnFlagUntilTimeout)
    USART6_IRQHandler                        0x080042f5   Thumb Code    10  stm32f7xx_it.o(i.USART6_IRQHandler)
    UsageFault_Handler                       0x08004305   Thumb Code     4  stm32f7xx_it.o(i.UsageFault_Handler)
    __0printf                                0x08004309   Thumb Code    22  printfa.o(i.__0printf)
    __1printf                                0x08004309   Thumb Code     0  printfa.o(i.__0printf)
    __2printf                                0x08004309   Thumb Code     0  printfa.o(i.__0printf)
    __c89printf                              0x08004309   Thumb Code     0  printfa.o(i.__0printf)
    printf                                   0x08004309   Thumb Code     0  printfa.o(i.__0printf)
    __0sprintf                               0x08004329   Thumb Code    34  printfa.o(i.__0sprintf)
    __1sprintf                               0x08004329   Thumb Code     0  printfa.o(i.__0sprintf)
    __2sprintf                               0x08004329   Thumb Code     0  printfa.o(i.__0sprintf)
    __c89sprintf                             0x08004329   Thumb Code     0  printfa.o(i.__0sprintf)
    sprintf                                  0x08004329   Thumb Code     0  printfa.o(i.__0sprintf)
    __scatterload_copy                       0x08004351   Thumb Code    14  handlers.o(i.__scatterload_copy)
    __scatterload_null                       0x0800435f   Thumb Code     2  handlers.o(i.__scatterload_null)
    __scatterload_zeroinit                   0x08004361   Thumb Code    14  handlers.o(i.__scatterload_zeroinit)
    _init_box                                0x080044d5   Thumb Code    70  rt_membox.o(i._init_box)
    configure_hardware_uart                  0x08004c55   Thumb Code   146  vcom_serial.o(i.configure_hardware_uart)
    configure_hardware_xbee                  0x08004cf5   Thumb Code   140  xbee.o(i.configure_hardware_xbee)
    dbg_init                                 0x08004d89   Thumb Code    34  hal_cm.o(i.dbg_init)
    dbg_task_notify                          0x08004db9   Thumb Code    32  hal_cm.o(i.dbg_task_notify)
    dbg_task_switch                          0x08004dd9   Thumb Code    16  hal_cm.o(i.dbg_task_switch)
    display_thread                           0x08004de9   Thumb Code   368  data_display_thread.o(i.display_thread)
    enable_gpio_clock                        0x08004fed   Thumb Code   314  clock.o(i.enable_gpio_clock)
    enable_rx_interrupt                      0x0800512d   Thumb Code    14  xbee.o(i.enable_rx_interrupt)
    fputc                                    0x08005145   Thumb Code    14  vcom_serial.o(i.fputc)
    free                                     0x08005155   Thumb Code    76  malloc.o(i.free)
    get_packet                               0x080051a5   Thumb Code    76  xbee_packet_parser.o(i.get_packet)
    init_display_thread                      0x080051f5   Thumb Code    48  data_display_thread.o(i.init_display_thread)
    init_gpio                                0x08005251   Thumb Code    68  gpio.o(i.init_gpio)
    init_lcd                                 0x08005295   Thumb Code    86  data_display_thread.o(i.init_lcd)
    init_sysclk_216MHz                       0x08005319   Thumb Code   168  clock.o(i.init_sysclk_216MHz)
    init_uart                                0x080053c9   Thumb Code    38  vcom_serial.o(i.init_uart)
    init_xbee                                0x080053f9   Thumb Code    38  xbee.o(i.init_xbee)
    init_xbee_threads                        0x08005429   Thumb Code    68  xbee_processing_thread.o(i.init_xbee_threads)
    isrMessageGet                            0x080054ad   Thumb Code    42  rt_cmsis.o(i.isrMessageGet)
    isrMessagePut                            0x080054d7   Thumb Code    44  rt_cmsis.o(i.isrMessagePut)
    isr_mbx_receive                          0x08005505   Thumb Code    86  rt_mailbox.o(i.isr_mbx_receive)
    isr_mbx_send                             0x0800555b   Thumb Code    14  rt_mailbox.o(i.isr_mbx_send)
    main                                     0x08005569   Thumb Code   120  main.o(i.main)
    malloc                                   0x08005635   Thumb Code    92  malloc.o(i.malloc)
    osDelay                                  0x080056a1   Thumb Code    18  rt_cmsis.o(i.osDelay)
    osKernelInitialize                       0x080056b9   Thumb Code    30  rt_cmsis.o(i.osKernelInitialize)
    osKernelStart                            0x080056dd   Thumb Code    98  rt_cmsis.o(i.osKernelStart)
    osMailAlloc                              0x08005749   Thumb Code    22  rt_cmsis.o(i.osMailAlloc)
    osMailCreate                             0x08005765   Thumb Code    36  rt_cmsis.o(i.osMailCreate)
    osMailFree                               0x08005791   Thumb Code    22  rt_cmsis.o(i.osMailFree)
    osMailGet                                0x080057ad   Thumb Code    22  rt_cmsis.o(i.osMailGet)
    osMailPut                                0x080057c3   Thumb Code    20  rt_cmsis.o(i.osMailPut)
    osMessageCreate                          0x080057d9   Thumb Code    36  rt_cmsis.o(i.osMessageCreate)
    osMessageGet                             0x08005805   Thumb Code    18  rt_cmsis.o(i.osMessageGet)
    osMessagePut                             0x0800581d   Thumb Code    18  rt_cmsis.o(i.osMessagePut)
    osThreadCreate                           0x08005835   Thumb Code    36  rt_cmsis.o(i.osThreadCreate)
    osThreadExit                             0x08005861   Thumb Code    14  rt_cmsis.o(i.osThreadExit)
    osTimerCall                              0x08005879   Thumb Code     8  rt_cmsis.o(i.osTimerCall)
    osTimerThread                            0x08005885   Thumb Code    38  rt_cmsis.o(i.osTimerThread)
    os_error                                 0x080058b1   Thumb Code    34  rtx_conf_cm.o(i.os_error)
    os_idle_demon                            0x080058d3   Thumb Code     4  rtx_conf_cm.o(i.os_idle_demon)
    os_tick_init                             0x080058d9   Thumb Code    32  rt_system.o(i.os_tick_init)
    os_tick_irqack                           0x08005901   Thumb Code     2  rt_system.o(i.os_tick_irqack)
    printBusFaultErrorMsg                    0x08005905   Thumb Code    16  stm32f7xx_it.o(i.printBusFaultErrorMsg)
    printErrorMsg                            0x08005921   Thumb Code    58  stm32f7xx_it.o(i.printErrorMsg)
    printMemoryManagementErrorMsg            0x08005961   Thumb Code    14  stm32f7xx_it.o(i.printMemoryManagementErrorMsg)
    printUsageErrorMsg                       0x0800598d   Thumb Code    26  stm32f7xx_it.o(i.printUsageErrorMsg)
    print_debug                              0x080059c9   Thumb Code   102  itm_debug.o(i.print_debug)
    process_packet                           0x08005a35   Thumb Code   102  xbee_processing_thread.o(i.process_packet)
    read_gpio                                0x08005ac1   Thumb Code    14  gpio.o(i.read_gpio)
    rt_alloc_box                             0x08005acf   Thumb Code    26  rt_membox.o(i.rt_alloc_box)
    rt_alloc_mem                             0x08005ae9   Thumb Code    62  rt_memory.o(i.rt_alloc_mem)
    rt_block                                 0x08005b29   Thumb Code    48  rt_task.o(i.rt_block)
    rt_chk_robin                             0x08005b61   Thumb Code    60  rt_robin.o(i.rt_chk_robin)
    rt_dec_dly                               0x08005ba9   Thumb Code   102  rt_list.o(i.rt_dec_dly)
    rt_dispatch                              0x08005c19   Thumb Code    60  rt_task.o(i.rt_dispatch)
    rt_dly_wait                              0x08005c5d   Thumb Code     6  rt_time.o(i.rt_dly_wait)
    rt_evt_psh                               0x08005c65   Thumb Code    76  rt_event.o(i.rt_evt_psh)
    rt_free_box                              0x08005cb5   Thumb Code    44  rt_membox.o(i.rt_free_box)
    rt_free_mem                              0x08005ce1   Thumb Code    40  rt_memory.o(i.rt_free_mem)
    rt_get_first                             0x08005d09   Thumb Code    40  rt_list.o(i.rt_get_first)
    rt_init_mem                              0x08005d81   Thumb Code    26  rt_memory.o(i.rt_init_mem)
    rt_init_robin                            0x08005d9d   Thumb Code    14  rt_robin.o(i.rt_init_robin)
    rt_init_stack                            0x08005db5   Thumb Code   118  hal_cm.o(i.rt_init_stack)
    rt_mbx_check                             0x08005e35   Thumb Code     8  rt_mailbox.o(i.rt_mbx_check)
    rt_mbx_init                              0x08005e3d   Thumb Code    26  rt_mailbox.o(i.rt_mbx_init)
    rt_mbx_psh                               0x08005e59   Thumb Code   236  rt_mailbox.o(i.rt_mbx_psh)
    rt_mbx_send                              0x08005f49   Thumb Code   148  rt_mailbox.o(i.rt_mbx_send)
    rt_mbx_wait                              0x08005fe1   Thumb Code   174  rt_mailbox.o(i.rt_mbx_wait)
    rt_pop_req                               0x080060d9   Thumb Code   112  rt_system.o(i.rt_pop_req)
    rt_psh_req                               0x08006155   Thumb Code    22  rt_system.o(i.rt_psh_req)
    rt_psq_enq                               0x08006175   Thumb Code    88  rt_list.o(i.rt_psq_enq)
    rt_put_dly                               0x080061d1   Thumb Code    68  rt_list.o(i.rt_put_dly)
    rt_put_prio                              0x08006219   Thumb Code    54  rt_list.o(i.rt_put_prio)
    rt_put_rdy_first                         0x08006251   Thumb Code    14  rt_list.o(i.rt_put_rdy_first)
    rt_resort_prio                           0x08006265   Thumb Code    46  rt_list.o(i.rt_resort_prio)
    rt_ret_val                               0x080062a9   Thumb Code    12  hal_cm.o(i.rt_ret_val)
    rt_ret_val2                              0x080062b5   Thumb Code    16  hal_cm.o(i.rt_ret_val2)
    rt_rmv_dly                               0x080062c5   Thumb Code    40  rt_list.o(i.rt_rmv_dly)
    rt_rmv_list                              0x080062ed   Thumb Code    44  rt_list.o(i.rt_rmv_list)
    rt_sem_psh                               0x0800631d   Thumb Code    48  rt_semaphore.o(i.rt_sem_psh)
    rt_stk_check                             0x08006351   Thumb Code    28  rt_system.o(i.rt_stk_check)
    rt_switch_req                            0x08006375   Thumb Code    30  rt_task.o(i.rt_switch_req)
    rt_sys_init                              0x0800639d   Thumb Code   138  rt_task.o(i.rt_sys_init)
    rt_sys_start                             0x08006469   Thumb Code   110  rt_task.o(i.rt_sys_start)
    rt_systick                               0x080064e1   Thumb Code    50  rt_system.o(i.rt_systick)
    rt_tsk_create                            0x08006569   Thumb Code   118  rt_task.o(i.rt_tsk_create)
    rt_tsk_delete                            0x080065f1   Thumb Code   352  rt_task.o(i.rt_tsk_delete)
    rt_tsk_prio                              0x0800676d   Thumb Code   108  rt_task.o(i.rt_tsk_prio)
    rt_tsk_self                              0x080067e9   Thumb Code    12  rt_task.o(i.rt_tsk_self)
    send_xbee                                0x080067f9   Thumb Code    28  xbee.o(i.send_xbee)
    serial_write                             0x08006815   Thumb Code    20  vcom_serial.o(i.serial_write)
    stackDump                                0x0800682d   Thumb Code   134  stm32f7xx_it.o(i.stackDump)
    svcDelay                                 0x08006939   Thumb Code    18  rt_cmsis.o(i.svcDelay)
    svcKernelInitialize                      0x0800694d   Thumb Code    80  rt_cmsis.o(i.svcKernelInitialize)
    svcKernelStart                           0x080069bd   Thumb Code    62  rt_cmsis.o(i.svcKernelStart)
    svcMailCreate                            0x08006a05   Thumb Code    66  rt_cmsis.o(i.svcMailCreate)
    svcMessageCreate                         0x08006a47   Thumb Code    36  rt_cmsis.o(i.svcMessageCreate)
    svcMessageGet                            0x08006a6b   Thumb Code    58  rt_cmsis.o(i.svcMessageGet)
    svcMessagePut                            0x08006aa5   Thumb Code    54  rt_cmsis.o(i.svcMessagePut)
    svcThreadCreate                          0x08006add   Thumb Code    96  rt_cmsis.o(i.svcThreadCreate)
    svcThreadGetId                           0x08006b49   Thumb Code    22  rt_cmsis.o(i.svcThreadGetId)
    svcThreadTerminate                       0x08006b65   Thumb Code    50  rt_cmsis.o(i.svcThreadTerminate)
    svcTimerCall                             0x08006b9d   Thumb Code    24  rt_cmsis.o(i.svcTimerCall)
    sysMailAlloc                             0x08006bb5   Thumb Code    84  rt_cmsis.o(i.sysMailAlloc)
    sysMailFree                              0x08006c0d   Thumb Code    96  rt_cmsis.o(i.sysMailFree)
    sysTimerTick                             0x08006c6d   Thumb Code    84  rt_cmsis.o(i.sysTimerTick)
    validate_packet                          0x08006cc9   Thumb Code    78  xbee_packet_parser.o(i.validate_packet)
    xbee_parse_packet                        0x08006d1d   Thumb Code   522  xbee_packet_parser.o(i.xbee_parse_packet)
    xbee_rx_thread                           0x08006f49   Thumb Code    96  xbee_processing_thread.o(i.xbee_rx_thread)
    xbee_write                               0x08006fd9   Thumb Code    20  xbee.o(i.xbee_write)
    os_thread_def_xbee_rx_thread             0x08006ff0   Data          16  xbee_processing_thread.o(.constdata)
    os_messageQ_def_message_q                0x08007000   Data           8  xbee_processing_thread.o(.constdata)
    os_mailQ_def_mail_box                    0x08007008   Data          12  xbee_processing_thread.o(.constdata)
    os_thread_def_display_thread             0x08007014   Data          16  data_display_thread.o(.constdata)
    os_maxtaskrun                            0x08007024   Data           2  rtx_conf_cm.o(.constdata)
    os_stackinfo                             0x08007028   Data           4  rtx_conf_cm.o(.constdata)
    os_rrobin                                0x0800702c   Data           4  rtx_conf_cm.o(.constdata)
    os_tickfreq                              0x08007030   Data           4  rtx_conf_cm.o(.constdata)
    os_tickus_i                              0x08007034   Data           2  rtx_conf_cm.o(.constdata)
    os_tickus_f                              0x08007036   Data           2  rtx_conf_cm.o(.constdata)
    os_trv                                   0x08007038   Data           4  rtx_conf_cm.o(.constdata)
    os_flags                                 0x0800703c   Data           1  rtx_conf_cm.o(.constdata)
    CMSIS_RTOS_API_Version                   0x08007040   Data           4  rtx_conf_cm.o(.constdata)
    CMSIS_RTOS_RTX_Version                   0x08007044   Data           4  rtx_conf_cm.o(.constdata)
    os_clockrate                             0x08007048   Data           4  rtx_conf_cm.o(.constdata)
    os_timernum                              0x0800704c   Data           4  rtx_conf_cm.o(.constdata)
    mp_tcb_size                              0x08007050   Data           2  rtx_conf_cm.o(.constdata)
    mp_stk_size                              0x08007054   Data           4  rtx_conf_cm.o(.constdata)
    os_stack_sz                              0x08007058   Data           4  rtx_conf_cm.o(.constdata)
    os_fifo_size                             0x0800705c   Data           1  rtx_conf_cm.o(.constdata)
    os_thread_def_osTimerThread              0x08007060   Data          16  rtx_conf_cm.o(.constdata)
    os_messageQ_def_osTimerMessageQ          0x08007070   Data           8  rtx_conf_cm.o(.constdata)
    mp_tmr_size                              0x08007078   Data           2  rtx_conf_cm.o(.constdata)
    os_thread_def_main                       0x0800707c   Data          16  rtx_conf_cm.o(.constdata)
    AHBPrescTable                            0x0800708c   Data          16  system_stm32f7xx.o(.constdata)
    APBPrescTable                            0x0800709c   Data           8  system_stm32f7xx.o(.constdata)
    Font24_Table                             0x080070ac   Data        6840  stm32746g_discovery_lcd.o(.constdata)
    Font20_Table                             0x08008b64   Data        3800  stm32746g_discovery_lcd.o(.constdata)
    Font16_Table                             0x08009a3c   Data        3040  stm32746g_discovery_lcd.o(.constdata)
    Font12_Table                             0x0800a61c   Data        1140  stm32746g_discovery_lcd.o(.constdata)
    Font8_Table                              0x0800aa90   Data         760  stm32746g_discovery_lcd.o(.constdata)
    Region$$Table$$Base                      0x0800adc8   Number         0  anon$$obj.o(Region$$Table)
    Region$$Table$$Limit                     0x0800ade8   Number         0  anon$$obj.o(Region$$Table)
    init_adc_0                               0x20010000   Data          20  main.o(.data)
    init_adc_1                               0x20010014   Data          20  main.o(.data)
    configure_sampling                       0x20010028   Data          21  main.o(.data)
    c                                        0x2001003d   Data           1  xbee.o(.data)
    tid_xbee_rx_thread                       0x20010040   Data           4  xbee_processing_thread.o(.data)
    msg_q                                    0x20010044   Data           4  xbee_processing_thread.o(.data)
    os_mailQ_p_mail_box                      0x20010048   Data           8  xbee_processing_thread.o(.data)
    mail_box                                 0x20010050   Data           4  xbee_processing_thread.o(.data)
    pir                                      0x2001005c   Data          12  data_display_thread.o(.data)
    welcome_message                          0x20010068   Data           8  data_display_thread.o(.data)
    tid_display_thread                       0x20010070   Data           4  data_display_thread.o(.data)
    osThreadId_osTimerThread                 0x20010074   Data           4  rtx_conf_cm.o(.data)
    osMessageQId_osTimerMessageQ             0x20010078   Data           4  rtx_conf_cm.o(.data)
    os_tmr                                   0x2001007c   Data           4  rtx_conf_cm.o(.data)
    m_tmr                                    0x20010080   Data           4  rtx_conf_cm.o(.data)
    SystemCoreClock                          0x20010084   Data           4  system_stm32f7xx.o(.data)
    uwTick                                   0x20010088   Data           4  stm32f7xx_hal.o(.data)
    Font24                                   0x2001008c   Data           8  stm32746g_discovery_lcd.o(.data)
    Font20                                   0x20010094   Data           8  stm32746g_discovery_lcd.o(.data)
    Font16                                   0x2001009c   Data           8  stm32746g_discovery_lcd.o(.data)
    Font12                                   0x200100a4   Data           8  stm32746g_discovery_lcd.o(.data)
    Font8                                    0x200100ac   Data           8  stm32746g_discovery_lcd.o(.data)
    os_initialized                           0x200100bc   Data           1  rt_cmsis.o(.data)
    os_running                               0x200100bd   Data           1  rt_cmsis.o(.data)
    os_timer_head                            0x200100c0   Data           4  rt_cmsis.o(.data)
    os_tsk                                   0x200100c4   Data           8  rt_task.o(.data)
    os_tick_irqn                             0x200100d0   Data           4  rt_system.o(.data)
    os_time                                  0x200100d4   Data           4  rt_time.o(.data)
    dbg_msg                                  0x200100d8   Data           1  hal_cm.o(.data)
    os_robin                                 0x200100dc   Data           8  rt_robin.o(.data)
    __stdout                                 0x200100e4   Data           4  stdout.o(.data)
    __microlib_freelist                      0x200100e8   Data           4  mvars.o(.data)
    __microlib_freelist_initialised          0x200100ec   Data           4  mvars.o(.data)
    xbee_handle                              0x200100f0   Data         112  xbee.o(.bss)
    uart_handle                              0x20010160   Data         112  vcom_serial.o(.bss)
    os_messageQ_q_message_q                  0x200101d0   Data         528  xbee_processing_thread.o(.bss)
    os_mailQ_q_mail_box                      0x200103e0   Data          80  xbee_processing_thread.o(.bss)
    os_mailQ_m_mail_box                      0x20010430   Data         140  xbee_processing_thread.o(.bss)
    xbee_buffer                              0x200104bc   Data        1030  xbee_packet_parser.o(.bss)
    mp_tcb                                   0x200108c8   Data         376  rtx_conf_cm.o(.bss)
    mp_stk                                   0x20010a40   Data       24592  rtx_conf_cm.o(.bss)
    os_stack_mem                             0x20016a50   Data        8224  rtx_conf_cm.o(.bss)
    os_fifo                                  0x20018a70   Data         132  rtx_conf_cm.o(.bss)
    os_active_TCB                            0x20018af4   Data          28  rtx_conf_cm.o(.bss)
    os_messageQ_q_osTimerMessageQ            0x20018b10   Data          80  rtx_conf_cm.o(.bss)
    hLtdcHandler                             0x20018c00   Data         168  stm32746g_discovery_lcd.o(.bss)
    sdramHandle                              0x20018d84   Data          52  stm32746g_discovery_sdram.o(.bss)
    os_idle_TCB                              0x20018ea4   Data          52  rt_task.o(.bss)
    os_rdy                                   0x20018ed8   Data          24  rt_list.o(.bss)
    os_dly                                   0x20018ef0   Data          24  rt_list.o(.bss)
    __heap_base                              0x20018f08   Data           0  startup_stm32f746xx.o(HEAP)
    __heap_limit                             0x20019108   Data           0  startup_stm32f746xx.o(HEAP)
    __initial_sp                             0x20019508   Data           0  startup_stm32f746xx.o(STACK)



==============================================================================

Memory Map of the image

  Image Entry point : 0x080001c9

  Load Region LR_IROM1 (Base: 0x08000000, Size: 0x0000aed8, Max: 0x00100000, ABSOLUTE)

    Execution Region ER_IROM1 (Base: 0x08000000, Size: 0x0000ade8, Max: 0x00100000, ABSOLUTE)

    Base Addr    Size         Type   Attr      Idx    E Section Name        Object

    0x08000000   0x000001c8   Data   RO          647    RESET               startup_stm32f746xx.o
    0x080001c8   0x00000000   Code   RO        12369  * .ARM.Collect$$$$00000000  mc_w.l(entry.o)
    0x080001c8   0x00000004   Code   RO        12681    .ARM.Collect$$$$00000001  mc_w.l(entry2.o)
    0x080001cc   0x00000004   Code   RO        12684    .ARM.Collect$$$$00000004  mc_w.l(entry5.o)
    0x080001d0   0x00000000   Code   RO        12686    .ARM.Collect$$$$00000008  mc_w.l(entry7b.o)
    0x080001d0   0x00000000   Code   RO        12688    .ARM.Collect$$$$0000000A  mc_w.l(entry8b.o)
    0x080001d0   0x00000000   Code   RO        12689    .ARM.Collect$$$$0000000D  mc_w.l(entry10a.o)
    0x080001d0   0x00000000   Code   RO        12691    .ARM.Collect$$$$0000000F  mc_w.l(entry11a.o)
    0x080001d0   0x00000018   Code   RO          573    .ARM.Collect$$$$000000FF  rtx_conf_cm.o
    0x080001e8   0x00000004   Code   RO        12682    .ARM.Collect$$$$00002712  mc_w.l(entry2.o)
    0x080001ec   0x00000012   Code   RO          655    .emb_text           stm32f7xx_it.o
    0x080001fe   0x00000002   PAD
    0x08000200   0x00000198   Code   RO        12356    .emb_text           RTX_CM4.lib(hal_cm4.o)
    0x08000398   0x00000024   Code   RO          648    .text               startup_stm32f746xx.o
    0x080003bc   0x00000062   Code   RO        12372    .text               mc_w.l(uldiv.o)
    0x0800041e   0x00000024   Code   RO        12374    .text               mc_w.l(memcpya.o)
    0x08000442   0x0000014e   Code   RO        12667    .text               mf_w.l(dadd.o)
    0x08000590   0x000000e4   Code   RO        12669    .text               mf_w.l(dmul.o)
    0x08000674   0x000000de   Code   RO        12671    .text               mf_w.l(ddiv.o)
    0x08000752   0x0000001a   Code   RO        12673    .text               mf_w.l(dfltui.o)
    0x0800076c   0x0000003e   Code   RO        12675    .text               mf_w.l(dfixi.o)
    0x080007aa   0x00000026   Code   RO        12677    .text               mf_w.l(f2d.o)
    0x080007d0   0x00000038   Code   RO        12679    .text               mf_w.l(d2f.o)
    0x08000808   0x0000002c   Code   RO        12694    .text               mc_w.l(uidiv.o)
    0x08000834   0x0000001e   Code   RO        12696    .text               mc_w.l(llshl.o)
    0x08000852   0x00000020   Code   RO        12698    .text               mc_w.l(llushr.o)
    0x08000872   0x00000024   Code   RO        12700    .text               mc_w.l(llsshr.o)
    0x08000896   0x00000000   Code   RO        12704    .text               mc_w.l(iusefp.o)
    0x08000896   0x0000006e   Code   RO        12705    .text               mf_w.l(fepilogue.o)
    0x08000904   0x000000ba   Code   RO        12707    .text               mf_w.l(depilogue.o)
    0x080009be   0x00000030   Code   RO        12709    .text               mf_w.l(dfixul.o)
    0x080009ee   0x00000002   PAD
    0x080009f0   0x00000030   Code   RO        12711    .text               mf_w.l(cdrcmple.o)
    0x08000a20   0x00000024   Code   RO        12713    .text               mc_w.l(init.o)
    0x08000a44   0x00000004   Code   RO        12366    SVC_TABLE           RTX_CM4.lib(svc_table.o)
    0x08000a48   0x00000040   Code   RO        10575    i.BSP_LCD_Clear     stm32746g_discovery_lcd.o
    0x08000a88   0x0000008c   Code   RO        10576    i.BSP_LCD_ClearStringLine  stm32746g_discovery_lcd.o
    0x08000b14   0x0000002c   Code   RO        10577    i.BSP_LCD_ClockConfig  stm32746g_discovery_lcd.o
    0x08000b40   0x00000068   Code   RO        10579    i.BSP_LCD_DisplayChar  stm32746g_discovery_lcd.o
    0x08000ba8   0x00000128   Code   RO        10582    i.BSP_LCD_DisplayStringAt  stm32746g_discovery_lcd.o
    0x08000cd0   0x0000001e   Code   RO        10583    i.BSP_LCD_DisplayStringAtLine  stm32746g_discovery_lcd.o
    0x08000cee   0x00000002   PAD
    0x08000cf0   0x0000006c   Code   RO        10589    i.BSP_LCD_DrawPixel  stm32746g_discovery_lcd.o
    0x08000d5c   0x000000b8   Code   RO        10596    i.BSP_LCD_FillRect  stm32746g_discovery_lcd.o
    0x08000e14   0x0000001c   Code   RO        10598    i.BSP_LCD_GetFont   stm32746g_discovery_lcd.o
    0x08000e30   0x00000020   Code   RO        10600    i.BSP_LCD_GetXSize  stm32746g_discovery_lcd.o
    0x08000e50   0x00000020   Code   RO        10601    i.BSP_LCD_GetYSize  stm32746g_discovery_lcd.o
    0x08000e70   0x000000b0   Code   RO        10602    i.BSP_LCD_Init      stm32746g_discovery_lcd.o
    0x08000f20   0x00000090   Code   RO        10603    i.BSP_LCD_LayerDefaultInit  stm32746g_discovery_lcd.o
    0x08000fb0   0x000001ac   Code   RO        10606    i.BSP_LCD_MspInit   stm32746g_discovery_lcd.o
    0x0800115c   0x0000000c   Code   RO        10611    i.BSP_LCD_SelectLayer  stm32746g_discovery_lcd.o
    0x08001168   0x0000001c   Code   RO        10612    i.BSP_LCD_SetBackColor  stm32746g_discovery_lcd.o
    0x08001184   0x0000001c   Code   RO        10615    i.BSP_LCD_SetFont   stm32746g_discovery_lcd.o
    0x080011a0   0x00000018   Code   RO        10622    i.BSP_LCD_SetTextColor  stm32746g_discovery_lcd.o
    0x080011b8   0x0000008c   Code   RO        10952    i.BSP_SDRAM_Init    stm32746g_discovery_sdram.o
    0x08001244   0x00000098   Code   RO        10953    i.BSP_SDRAM_Initialization_sequence  stm32746g_discovery_sdram.o
    0x080012dc   0x000001c8   Code   RO        10955    i.BSP_SDRAM_MspInit  stm32746g_discovery_sdram.o
    0x080014a4   0x00000004   Code   RO          656    i.BusFault_Handler  stm32f7xx_it.o
    0x080014a8   0x00000108   Code   RO         2250    i.DMA2D_SetConfig   stm32f7xx_hal_dma2d.o
    0x080015b0   0x00000034   Code   RO         2103    i.DMA_CalcBaseAndBitshift  stm32f7xx_hal_dma.o
    0x080015e4   0x000000aa   Code   RO         2104    i.DMA_CheckFifoParam  stm32f7xx_hal_dma.o
    0x0800168e   0x00000002   Code   RO          657    i.DebugMon_Handler  stm32f7xx_it.o
    0x08001690   0x00000104   Code   RO        10627    i.DrawChar          stm32746g_discovery_lcd.o
    0x08001794   0x00000074   Code   RO         9523    i.FMC_SDRAM_Init    stm32f7xx_ll_fmc.o
    0x08001808   0x0000000e   Code   RO         9524    i.FMC_SDRAM_ProgramRefreshRate  stm32f7xx_ll_fmc.o
    0x08001816   0x00000052   Code   RO         9525    i.FMC_SDRAM_SendCommand  stm32f7xx_ll_fmc.o
    0x08001868   0x0000009c   Code   RO         9527    i.FMC_SDRAM_Timing_Init  stm32f7xx_ll_fmc.o
    0x08001904   0x000000e8   Code   RO         2262    i.HAL_DMA2D_ConfigLayer  stm32f7xx_hal_dma2d.o
    0x080019ec   0x00000060   Code   RO         2270    i.HAL_DMA2D_Init    stm32f7xx_hal_dma2d.o
    0x08001a4c   0x00000002   Code   RO         2273    i.HAL_DMA2D_MspInit  stm32f7xx_hal_dma2d.o
    0x08001a4e   0x00000168   Code   RO         2274    i.HAL_DMA2D_PollForTransfer  stm32f7xx_hal_dma2d.o
    0x08001bb6   0x0000004e   Code   RO         2277    i.HAL_DMA2D_Start   stm32f7xx_hal_dma2d.o
    0x08001c04   0x00000028   Code   RO         2107    i.HAL_DMA_Abort_IT  stm32f7xx_hal_dma.o
    0x08001c2c   0x00000062   Code   RO         2108    i.HAL_DMA_DeInit    stm32f7xx_hal_dma.o
    0x08001c8e   0x00000002   PAD
    0x08001c90   0x000000ec   Code   RO         2112    i.HAL_DMA_Init      stm32f7xx_hal_dma.o
    0x08001d7c   0x0000000a   Code   RO            4    i.HAL_Delay         main.o
    0x08001d86   0x00000002   PAD
    0x08001d88   0x00000218   Code   RO         2888    i.HAL_GPIO_Init     stm32f7xx_hal_gpio.o
    0x08001fa0   0x00000010   Code   RO         2890    i.HAL_GPIO_ReadPin  stm32f7xx_hal_gpio.o
    0x08001fb0   0x0000000c   Code   RO         2892    i.HAL_GPIO_WritePin  stm32f7xx_hal_gpio.o
    0x08001fbc   0x0000000c   Code   RO          773    i.HAL_GetTick       stm32f7xx_hal.o
    0x08001fc8   0x00000028   Code   RO          775    i.HAL_Init          stm32f7xx_hal.o
    0x08001ff0   0x00000028   Code   RO          776    i.HAL_InitTick      stm32f7xx_hal.o
    0x08002018   0x0000005e   Code   RO         4395    i.HAL_LTDC_ConfigLayer  stm32f7xx_hal_ltdc.o
    0x08002076   0x00000008   Code   RO         4410    i.HAL_LTDC_GetState  stm32f7xx_hal_ltdc.o
    0x0800207e   0x00000002   PAD
    0x08002080   0x00000128   Code   RO         4412    i.HAL_LTDC_Init     stm32f7xx_hal_ltdc.o
    0x080021a8   0x00000002   Code   RO         4415    i.HAL_LTDC_MspInit  stm32f7xx_hal_ltdc.o
    0x080021aa   0x00000002   Code   RO          778    i.HAL_MspInit       stm32f7xx_hal.o
    0x080021ac   0x0000001a   Code   RO         1429    i.HAL_NVIC_EnableIRQ  stm32f7xx_hal_cortex.o
    0x080021c6   0x0000007c   Code   RO         1435    i.HAL_NVIC_SetPriority  stm32f7xx_hal_cortex.o
    0x08002242   0x00000002   PAD
    0x08002244   0x00000028   Code   RO         1436    i.HAL_NVIC_SetPriorityGrouping  stm32f7xx_hal_cortex.o
    0x0800226c   0x00000090   Code   RO         5386    i.HAL_PWREx_EnableOverDrive  stm32f7xx_hal_pwr_ex.o
    0x080022fc   0x00000918   Code   RO         5832    i.HAL_RCCEx_PeriphCLKConfig  stm32f7xx_hal_rcc_ex.o
    0x08002c14   0x000001b4   Code   RO         5729    i.HAL_RCC_ClockConfig  stm32f7xx_hal_rcc.o
    0x08002dc8   0x0000000c   Code   RO         5734    i.HAL_RCC_GetHCLKFreq  stm32f7xx_hal_rcc.o
    0x08002dd4   0x0000002c   Code   RO         5736    i.HAL_RCC_GetPCLK1Freq  stm32f7xx_hal_rcc.o
    0x08002e00   0x0000002c   Code   RO         5737    i.HAL_RCC_GetPCLK2Freq  stm32f7xx_hal_rcc.o
    0x08002e2c   0x000000b4   Code   RO         5738    i.HAL_RCC_GetSysClockFreq  stm32f7xx_hal_rcc.o
    0x08002ee0   0x000004e8   Code   RO         5741    i.HAL_RCC_OscConfig  stm32f7xx_hal_rcc.o
    0x080033c8   0x00000040   Code   RO         6884    i.HAL_SDRAM_Init    stm32f7xx_hal_sdram.o
    0x08003408   0x00000002   Code   RO         6886    i.HAL_SDRAM_MspInit  stm32f7xx_hal_sdram.o
    0x0800340a   0x00000028   Code   RO         6887    i.HAL_SDRAM_ProgramRefreshRate  stm32f7xx_hal_sdram.o
    0x08003432   0x0000003a   Code   RO         6893    i.HAL_SDRAM_SendCommand  stm32f7xx_hal_sdram.o
    0x0800346c   0x00000028   Code   RO         1438    i.HAL_SYSTICK_CLKSourceConfig  stm32f7xx_hal_cortex.o
    0x08003494   0x00000034   Code   RO         1440    i.HAL_SYSTICK_Config  stm32f7xx_hal_cortex.o
    0x080034c8   0x00000002   Code   RO         8925    i.HAL_UART_ErrorCallback  stm32f7xx_hal_uart.o
    0x080034ca   0x00000002   PAD
    0x080034cc   0x00000160   Code   RO         8928    i.HAL_UART_IRQHandler  stm32f7xx_hal_uart.o
    0x0800362c   0x00000078   Code   RO         8929    i.HAL_UART_Init     stm32f7xx_hal_uart.o
    0x080036a4   0x00000002   Code   RO         8931    i.HAL_UART_MspInit  stm32f7xx_hal_uart.o
    0x080036a6   0x000000bc   Code   RO         8934    i.HAL_UART_Receive_IT  stm32f7xx_hal_uart.o
    0x08003762   0x00000002   PAD
    0x08003764   0x00000028   Code   RO          284    i.HAL_UART_RxCpltCallback  xbee.o
    0x0800378c   0x000000c6   Code   RO         8937    i.HAL_UART_Transmit  stm32f7xx_hal_uart.o
    0x08003852   0x00000002   Code   RO         8940    i.HAL_UART_TxCpltCallback  stm32f7xx_hal_uart.o
    0x08003854   0x000000e8   Code   RO          658    i.Hard_Fault_Handler  stm32f7xx_it.o
    0x0800393c   0x00000088   Code   RO        10630    i.LL_FillBuffer     stm32746g_discovery_lcd.o
    0x080039c4   0x00000212   Code   RO         4431    i.LTDC_SetConfig    stm32f7xx_hal_ltdc.o
    0x08003bd6   0x00000004   Code   RO          659    i.MemManage_Handler  stm32f7xx_it.o
    0x08003bda   0x00000002   Code   RO          660    i.NMI_Handler       stm32f7xx_it.o
    0x08003bdc   0x00000010   Code   RO         1442    i.NVIC_GetPriorityGrouping  stm32f7xx_hal_cortex.o
    0x08003bec   0x00000028   Code   RO         1443    i.NVIC_SetPriority  stm32f7xx_hal_cortex.o
    0x08003c14   0x00000064   Code   RO          612    i.SystemInit        system_stm32f7xx.o
    0x08003c78   0x000000ea   Code   RO         8942    i.UART_AdvFeatureConfig  stm32f7xx_hal_uart.o
    0x08003d62   0x0000004e   Code   RO         8943    i.UART_CheckIdleState  stm32f7xx_hal_uart.o
    0x08003db0   0x00000018   Code   RO         8944    i.UART_DMAAbortOnError  stm32f7xx_hal_uart.o
    0x08003dc8   0x00000020   Code   RO         8950    i.UART_EndRxTransfer  stm32f7xx_hal_uart.o
    0x08003de8   0x00000020   Code   RO         8951    i.UART_EndTransmit_IT  stm32f7xx_hal_uart.o
    0x08003e08   0x00000088   Code   RO         8953    i.UART_Receive_IT   stm32f7xx_hal_uart.o
    0x08003e90   0x0000038c   Code   RO         8954    i.UART_SetConfig    stm32f7xx_hal_uart.o
    0x0800421c   0x0000006a   Code   RO         8955    i.UART_Transmit_IT  stm32f7xx_hal_uart.o
    0x08004286   0x0000006c   Code   RO         8956    i.UART_WaitOnFlagUntilTimeout  stm32f7xx_hal_uart.o
    0x080042f2   0x00000002   PAD
    0x080042f4   0x00000010   Code   RO          661    i.USART6_IRQHandler  stm32f7xx_it.o
    0x08004304   0x00000004   Code   RO          662    i.UsageFault_Handler  stm32f7xx_it.o
    0x08004308   0x00000020   Code   RO        12611    i.__0printf         mc_w.l(printfa.o)
    0x08004328   0x00000028   Code   RO        12613    i.__0sprintf        mc_w.l(printfa.o)
    0x08004350   0x0000000e   Code   RO        12717    i.__scatterload_copy  mc_w.l(handlers.o)
    0x0800435e   0x00000002   Code   RO        12718    i.__scatterload_null  mc_w.l(handlers.o)
    0x08004360   0x0000000e   Code   RO        12719    i.__scatterload_zeroinit  mc_w.l(handlers.o)
    0x0800436e   0x00000002   PAD
    0x08004370   0x00000164   Code   RO        12618    i._fp_digits        mc_w.l(printfa.o)
    0x080044d4   0x00000046   Code   RO        12229    i._init_box         RTX_CM4.lib(rt_membox.o)
    0x0800451a   0x00000002   PAD
    0x0800451c   0x000006dc   Code   RO        12619    i._printf_core      mc_w.l(printfa.o)
    0x08004bf8   0x00000024   Code   RO        12620    i._printf_post_padding  mc_w.l(printfa.o)
    0x08004c1c   0x0000002e   Code   RO        12621    i._printf_pre_padding  mc_w.l(printfa.o)
    0x08004c4a   0x0000000a   Code   RO        12623    i._sputc            mc_w.l(printfa.o)
    0x08004c54   0x000000a0   Code   RO          343    i.configure_hardware_uart  vcom_serial.o
    0x08004cf4   0x00000094   Code   RO          285    i.configure_hardware_xbee  xbee.o
    0x08004d88   0x00000030   Code   RO        12282    i.dbg_init          RTX_CM4.lib(hal_cm.o)
    0x08004db8   0x00000020   Code   RO        12283    i.dbg_task_notify   RTX_CM4.lib(hal_cm.o)
    0x08004dd8   0x00000010   Code   RO        12284    i.dbg_task_switch   RTX_CM4.lib(hal_cm.o)
    0x08004de8   0x00000204   Code   RO          511    i.display_thread    data_display_thread.o
    0x08004fec   0x00000140   Code   RO        11087    i.enable_gpio_clock  clock.o
    0x0800512c   0x00000018   Code   RO          286    i.enable_rx_interrupt  xbee.o
    0x08005144   0x0000000e   Code   RO          344    i.fputc             vcom_serial.o
    0x08005152   0x00000002   PAD
    0x08005154   0x00000050   Code   RO        12639    i.free              mc_w.l(malloc.o)
    0x080051a4   0x00000050   Code   RO          465    i.get_packet        xbee_packet_parser.o
    0x080051f4   0x0000005c   Code   RO          512    i.init_display_thread  data_display_thread.o
    0x08005250   0x00000044   Code   RO        11117    i.init_gpio         gpio.o
    0x08005294   0x00000084   Code   RO          513    i.init_lcd          data_display_thread.o
    0x08005318   0x000000b0   Code   RO        11088    i.init_sysclk_216MHz  clock.o
    0x080053c8   0x00000030   Code   RO          345    i.init_uart         vcom_serial.o
    0x080053f8   0x00000030   Code   RO          287    i.init_xbee         xbee.o
    0x08005428   0x00000084   Code   RO          415    i.init_xbee_threads  xbee_processing_thread.o
    0x080054ac   0x0000002a   Code   RO        11159    i.isrMessageGet     RTX_CM4.lib(rt_cmsis.o)
    0x080054d6   0x0000002c   Code   RO        11160    i.isrMessagePut     RTX_CM4.lib(rt_cmsis.o)
    0x08005502   0x00000002   PAD
    0x08005504   0x00000056   Code   RO        12075    i.isr_mbx_receive   RTX_CM4.lib(rt_mailbox.o)
    0x0800555a   0x0000000e   Code   RO        12076    i.isr_mbx_send      RTX_CM4.lib(rt_mailbox.o)
    0x08005568   0x000000cc   Code   RO            5    i.main              main.o
    0x08005634   0x0000006c   Code   RO        12640    i.malloc            mc_w.l(malloc.o)
    0x080056a0   0x00000018   Code   RO        11163    i.osDelay           RTX_CM4.lib(rt_cmsis.o)
    0x080056b8   0x00000024   Code   RO        11164    i.osKernelInitialize  RTX_CM4.lib(rt_cmsis.o)
    0x080056dc   0x0000006c   Code   RO        11166    i.osKernelStart     RTX_CM4.lib(rt_cmsis.o)
    0x08005748   0x0000001c   Code   RO        11168    i.osMailAlloc       RTX_CM4.lib(rt_cmsis.o)
    0x08005764   0x0000002c   Code   RO        11170    i.osMailCreate      RTX_CM4.lib(rt_cmsis.o)
    0x08005790   0x0000001c   Code   RO        11171    i.osMailFree        RTX_CM4.lib(rt_cmsis.o)
    0x080057ac   0x00000016   Code   RO        11172    i.osMailGet         RTX_CM4.lib(rt_cmsis.o)
    0x080057c2   0x00000014   Code   RO        11173    i.osMailPut         RTX_CM4.lib(rt_cmsis.o)
    0x080057d6   0x00000002   PAD
    0x080057d8   0x0000002c   Code   RO        11174    i.osMessageCreate   RTX_CM4.lib(rt_cmsis.o)
    0x08005804   0x00000018   Code   RO        11175    i.osMessageGet      RTX_CM4.lib(rt_cmsis.o)
    0x0800581c   0x00000018   Code   RO        11176    i.osMessagePut      RTX_CM4.lib(rt_cmsis.o)
    0x08005834   0x0000002c   Code   RO        11192    i.osThreadCreate    RTX_CM4.lib(rt_cmsis.o)
    0x08005860   0x00000018   Code   RO        11193    i.osThreadExit      RTX_CM4.lib(rt_cmsis.o)
    0x08005878   0x0000000c   Code   RO        11199    i.osTimerCall       RTX_CM4.lib(rt_cmsis.o)
    0x08005884   0x0000002c   Code   RO        11204    i.osTimerThread     RTX_CM4.lib(rt_cmsis.o)
    0x080058b0   0x00000022   Code   RO          574    i.os_error          rtx_conf_cm.o
    0x080058d2   0x00000004   Code   RO          575    i.os_idle_demon     rtx_conf_cm.o
    0x080058d6   0x00000002   PAD
    0x080058d8   0x00000028   Code   RO        11863    i.os_tick_init      RTX_CM4.lib(rt_system.o)
    0x08005900   0x00000002   Code   RO        11864    i.os_tick_irqack    RTX_CM4.lib(rt_system.o)
    0x08005902   0x00000002   PAD
    0x08005904   0x0000001c   Code   RO          663    i.printBusFaultErrorMsg  stm32f7xx_it.o
    0x08005920   0x00000040   Code   RO          664    i.printErrorMsg     stm32f7xx_it.o
    0x08005960   0x0000002c   Code   RO          665    i.printMemoryManagementErrorMsg  stm32f7xx_it.o
    0x0800598c   0x0000003c   Code   RO          666    i.printUsageErrorMsg  stm32f7xx_it.o
    0x080059c8   0x0000006c   Code   RO          391    i.print_debug       itm_debug.o
    0x08005a34   0x0000008c   Code   RO          416    i.process_packet    xbee_processing_thread.o
    0x08005ac0   0x0000000e   Code   RO        11118    i.read_gpio         gpio.o
    0x08005ace   0x0000001a   Code   RO        12230    i.rt_alloc_box      RTX_CM4.lib(rt_membox.o)
    0x08005ae8   0x0000003e   Code   RO        12258    i.rt_alloc_mem      RTX_CM4.lib(rt_memory.o)
    0x08005b26   0x00000002   PAD
    0x08005b28   0x00000038   Code   RO        11778    i.rt_block          RTX_CM4.lib(rt_task.o)
    0x08005b60   0x00000048   Code   RO        12335    i.rt_chk_robin      RTX_CM4.lib(rt_robin.o)
    0x08005ba8   0x00000070   Code   RO        11999    i.rt_dec_dly        RTX_CM4.lib(rt_list.o)
    0x08005c18   0x00000044   Code   RO        11779    i.rt_dispatch       RTX_CM4.lib(rt_task.o)
    0x08005c5c   0x00000006   Code   RO        12165    i.rt_dly_wait       RTX_CM4.lib(rt_time.o)
    0x08005c62   0x00000002   PAD
    0x08005c64   0x00000050   Code   RO        11956    i.rt_evt_psh        RTX_CM4.lib(rt_event.o)
    0x08005cb4   0x0000002c   Code   RO        12231    i.rt_free_box       RTX_CM4.lib(rt_membox.o)
    0x08005ce0   0x00000028   Code   RO        12259    i.rt_free_mem       RTX_CM4.lib(rt_memory.o)
    0x08005d08   0x00000028   Code   RO        12000    i.rt_get_first      RTX_CM4.lib(rt_list.o)
    0x08005d30   0x00000008   Code   RO        11209    i.rt_id2obj         RTX_CM4.lib(rt_cmsis.o)
    0x08005d38   0x00000048   Code   RO        11780    i.rt_init_context   RTX_CM4.lib(rt_task.o)
    0x08005d80   0x0000001a   Code   RO        12260    i.rt_init_mem       RTX_CM4.lib(rt_memory.o)
    0x08005d9a   0x00000002   PAD
    0x08005d9c   0x00000018   Code   RO        12336    i.rt_init_robin     RTX_CM4.lib(rt_robin.o)
    0x08005db4   0x00000080   Code   RO        12285    i.rt_init_stack     RTX_CM4.lib(hal_cm.o)
    0x08005e34   0x00000008   Code   RO        12077    i.rt_mbx_check      RTX_CM4.lib(rt_mailbox.o)
    0x08005e3c   0x0000001a   Code   RO        12078    i.rt_mbx_init       RTX_CM4.lib(rt_mailbox.o)
    0x08005e56   0x00000002   PAD
    0x08005e58   0x000000f0   Code   RO        12079    i.rt_mbx_psh        RTX_CM4.lib(rt_mailbox.o)
    0x08005f48   0x00000098   Code   RO        12080    i.rt_mbx_send       RTX_CM4.lib(rt_mailbox.o)
    0x08005fe0   0x000000b4   Code   RO        12081    i.rt_mbx_wait       RTX_CM4.lib(rt_mailbox.o)
    0x08006094   0x00000044   Code   RO        11210    i.rt_ms2tick        RTX_CM4.lib(rt_cmsis.o)
    0x080060d8   0x0000007c   Code   RO        11867    i.rt_pop_req        RTX_CM4.lib(rt_system.o)
    0x08006154   0x00000020   Code   RO        11868    i.rt_psh_req        RTX_CM4.lib(rt_system.o)
    0x08006174   0x0000005c   Code   RO        12002    i.rt_psq_enq        RTX_CM4.lib(rt_list.o)
    0x080061d0   0x00000048   Code   RO        12003    i.rt_put_dly        RTX_CM4.lib(rt_list.o)
    0x08006218   0x00000036   Code   RO        12004    i.rt_put_prio       RTX_CM4.lib(rt_list.o)
    0x0800624e   0x00000002   PAD
    0x08006250   0x00000014   Code   RO        12005    i.rt_put_rdy_first  RTX_CM4.lib(rt_list.o)
    0x08006264   0x00000034   Code   RO        12006    i.rt_resort_prio    RTX_CM4.lib(rt_list.o)
    0x08006298   0x00000010   Code   RO        12286    i.rt_ret_regs       RTX_CM4.lib(hal_cm.o)
    0x080062a8   0x0000000c   Code   RO        12287    i.rt_ret_val        RTX_CM4.lib(hal_cm.o)
    0x080062b4   0x00000010   Code   RO        12288    i.rt_ret_val2       RTX_CM4.lib(hal_cm.o)
    0x080062c4   0x00000028   Code   RO        12007    i.rt_rmv_dly        RTX_CM4.lib(rt_list.o)
    0x080062ec   0x00000030   Code   RO        12008    i.rt_rmv_list       RTX_CM4.lib(rt_list.o)
    0x0800631c   0x00000034   Code   RO        12126    i.rt_sem_psh        RTX_CM4.lib(rt_semaphore.o)
    0x08006350   0x00000024   Code   RO        11870    i.rt_stk_check      RTX_CM4.lib(rt_system.o)
    0x08006374   0x00000028   Code   RO        11781    i.rt_switch_req     RTX_CM4.lib(rt_task.o)
    0x0800639c   0x000000cc   Code   RO        11782    i.rt_sys_init       RTX_CM4.lib(rt_task.o)
    0x08006468   0x00000078   Code   RO        11783    i.rt_sys_start      RTX_CM4.lib(rt_task.o)
    0x080064e0   0x00000040   Code   RO        11872    i.rt_systick        RTX_CM4.lib(rt_system.o)
    0x08006520   0x00000012   Code   RO        11211    i.rt_tid2ptcb       RTX_CM4.lib(rt_cmsis.o)
    0x08006532   0x00000002   PAD
    0x08006534   0x00000034   Code   RO        11212    i.rt_timer_insert   RTX_CM4.lib(rt_cmsis.o)
    0x08006568   0x00000088   Code   RO        11784    i.rt_tsk_create     RTX_CM4.lib(rt_task.o)
    0x080065f0   0x0000017c   Code   RO        11785    i.rt_tsk_delete     RTX_CM4.lib(rt_task.o)
    0x0800676c   0x0000007c   Code   RO        11787    i.rt_tsk_prio       RTX_CM4.lib(rt_task.o)
    0x080067e8   0x00000010   Code   RO        11788    i.rt_tsk_self       RTX_CM4.lib(rt_task.o)
    0x080067f8   0x0000001c   Code   RO          288    i.send_xbee         xbee.o
    0x08006814   0x00000018   Code   RO          346    i.serial_write      vcom_serial.o
    0x0800682c   0x0000010c   Code   RO          667    i.stackDump         stm32f7xx_it.o
    0x08006938   0x00000012   Code   RO        11214    i.svcDelay          RTX_CM4.lib(rt_cmsis.o)
    0x0800694a   0x00000002   PAD
    0x0800694c   0x00000070   Code   RO        11215    i.svcKernelInitialize  RTX_CM4.lib(rt_cmsis.o)
    0x080069bc   0x00000048   Code   RO        11217    i.svcKernelStart    RTX_CM4.lib(rt_cmsis.o)
    0x08006a04   0x00000042   Code   RO        11219    i.svcMailCreate     RTX_CM4.lib(rt_cmsis.o)
    0x08006a46   0x00000024   Code   RO        11220    i.svcMessageCreate  RTX_CM4.lib(rt_cmsis.o)
    0x08006a6a   0x0000003a   Code   RO        11221    i.svcMessageGet     RTX_CM4.lib(rt_cmsis.o)
    0x08006aa4   0x00000036   Code   RO        11222    i.svcMessagePut     RTX_CM4.lib(rt_cmsis.o)
    0x08006ada   0x00000002   PAD
    0x08006adc   0x0000006c   Code   RO        11235    i.svcThreadCreate   RTX_CM4.lib(rt_cmsis.o)
    0x08006b48   0x0000001c   Code   RO        11236    i.svcThreadGetId    RTX_CM4.lib(rt_cmsis.o)
    0x08006b64   0x00000038   Code   RO        11239    i.svcThreadTerminate  RTX_CM4.lib(rt_cmsis.o)
    0x08006b9c   0x00000018   Code   RO        11241    i.svcTimerCall      RTX_CM4.lib(rt_cmsis.o)
    0x08006bb4   0x00000058   Code   RO        11246    i.sysMailAlloc      RTX_CM4.lib(rt_cmsis.o)
    0x08006c0c   0x00000060   Code   RO        11247    i.sysMailFree       RTX_CM4.lib(rt_cmsis.o)
    0x08006c6c   0x0000005c   Code   RO        11250    i.sysTimerTick      RTX_CM4.lib(rt_cmsis.o)
    0x08006cc8   0x00000054   Code   RO          467    i.validate_packet   xbee_packet_parser.o
    0x08006d1c   0x0000022c   Code   RO          468    i.xbee_parse_packet  xbee_packet_parser.o
    0x08006f48   0x00000090   Code   RO          417    i.xbee_rx_thread    xbee_processing_thread.o
    0x08006fd8   0x00000018   Code   RO          289    i.xbee_write        xbee.o
    0x08006ff0   0x00000024   Data   RO          419    .constdata          xbee_processing_thread.o
    0x08007014   0x00000010   Data   RO          514    .constdata          data_display_thread.o
    0x08007024   0x00000068   Data   RO          577    .constdata          rtx_conf_cm.o
    0x0800708c   0x00000018   Data   RO          613    .constdata          system_stm32f7xx.o
    0x080070a4   0x00000008   Data   RO         2118    .constdata          stm32f7xx_hal_dma.o
    0x080070ac   0x00003cdc   Data   RO        10632    .constdata          stm32746g_discovery_lcd.o
    0x0800ad88   0x0000003d   Data   RO          515    .conststring        data_display_thread.o
    0x0800adc5   0x00000003   PAD
    0x0800adc8   0x00000020   Data   RO        12715    Region$$Table       anon$$obj.o


    Execution Region RW_IRAM2 (Base: 0x20000000, Size: 0x00000000, Max: 0x00010000, ABSOLUTE)

    **** No section assigned to this execution region ****


    Execution Region RW_IRAM1 (Base: 0x20010000, Size: 0x00009508, Max: 0x00040000, ABSOLUTE)

    Base Addr    Size         Type   Attr      Idx    E Section Name        Object

    0x20010000   0x0000003d   Data   RW            6    .data               main.o
    0x2001003d   0x00000001   Data   RW          291    .data               xbee.o
    0x2001003e   0x00000002   PAD
    0x20010040   0x00000014   Data   RW          420    .data               xbee_processing_thread.o
    0x20010054   0x00000008   Data   RW          470    .data               xbee_packet_parser.o
    0x2001005c   0x00000018   Data   RW          516    .data               data_display_thread.o
    0x20010074   0x00000010   Data   RW          578    .data               rtx_conf_cm.o
    0x20010084   0x00000004   Data   RW          614    .data               system_stm32f7xx.o
    0x20010088   0x00000004   Data   RW          781    .data               stm32f7xx_hal.o
    0x2001008c   0x0000002c   Data   RW        10633    .data               stm32746g_discovery_lcd.o
    0x200100b8   0x00000002   Data   RW        10962    .data               stm32746g_discovery_sdram.o
    0x200100ba   0x00000002   PAD
    0x200100bc   0x00000008   Data   RW        11253    .data               RTX_CM4.lib(rt_cmsis.o)
    0x200100c4   0x00000008   Data   RW        11790    .data               RTX_CM4.lib(rt_task.o)
    0x200100cc   0x00000008   Data   RW        11875    .data               RTX_CM4.lib(rt_system.o)
    0x200100d4   0x00000004   Data   RW        12169    .data               RTX_CM4.lib(rt_time.o)
    0x200100d8   0x00000001   Data   RW        12289    .data               RTX_CM4.lib(hal_cm.o)
    0x200100d9   0x00000003   PAD
    0x200100dc   0x00000008   Data   RW        12337    .data               RTX_CM4.lib(rt_robin.o)
    0x200100e4   0x00000004   Data   RW        12693    .data               mc_w.l(stdout.o)
    0x200100e8   0x00000004   Data   RW        12702    .data               mc_w.l(mvars.o)
    0x200100ec   0x00000004   Data   RW        12703    .data               mc_w.l(mvars.o)
    0x200100f0   0x00000070   Zero   RW          290    .bss                xbee.o
    0x20010160   0x00000070   Zero   RW          347    .bss                vcom_serial.o
    0x200101d0   0x000002ec   Zero   RW          418    .bss                xbee_processing_thread.o
    0x200104bc   0x00000406   Zero   RW          469    .bss                xbee_packet_parser.o
    0x200108c2   0x00000006   PAD
    0x200108c8   0x00008298   Zero   RW          576    .bss                rtx_conf_cm.o
    0x20018b60   0x000000a0   Zero   RW          668    .bss                stm32f7xx_it.o
    0x20018c00   0x00000184   Zero   RW        10631    .bss                stm32746g_discovery_lcd.o
    0x20018d84   0x00000120   Zero   RW        10961    .bss                stm32746g_discovery_sdram.o
    0x20018ea4   0x00000034   Zero   RW        11789    .bss                RTX_CM4.lib(rt_task.o)
    0x20018ed8   0x00000030   Zero   RW        12009    .bss                RTX_CM4.lib(rt_list.o)
    0x20018f08   0x00000200   Zero   RW          646    HEAP                startup_stm32f746xx.o
    0x20019108   0x00000400   Zero   RW          645    STACK               startup_stm32f746xx.o


==============================================================================

Image component sizes


      Code (inc. data)   RO Data    RW Data    ZI Data      Debug   Object Name

       496         24          0          0          0       2225   clock.o
       740        238         77         24          0       3363   data_display_thread.o
        82          0          0          0          0       1364   gpio.o
       108          6          0          0          0        706   itm_debug.o
       214         84          0         61          0     803784   main.o
        62          6        104         16      33432       7852   rtx_conf_cm.o
        36          8        456          0       1536        836   startup_stm32f746xx.o
      2298        210      15580         44        388      22488   stm32746g_discovery_lcd.o
       748         66          0          2        288       4880   stm32746g_discovery_sdram.o
        94         16          0          4          0       3391   stm32f7xx_hal.o
       338         22          0          0          0      36857   stm32f7xx_hal_cortex.o
       596         10          8          0          0       4375   stm32f7xx_hal_dma.o
      1032         10          0          0          0       6995   stm32f7xx_hal_dma2d.o
       564         52          0          0          0       3231   stm32f7xx_hal_gpio.o
       930          6          0          0          0       4222   stm32f7xx_hal_ltdc.o
       144          8          0          0          0       1336   stm32f7xx_hal_pwr_ex.o
      1972         62          0          0          0       5732   stm32f7xx_hal_rcc.o
      2328         26          0          0          0       2324   stm32f7xx_hal_rcc_ex.o
       164          0          0          0          0       3452   stm32f7xx_hal_sdram.o
      2522         54          0          0          0      12903   stm32f7xx_hal_uart.o
       746        314          0          0        160      39344   stm32f7xx_it.o
       368          4          0          0          0       3676   stm32f7xx_ll_fmc.o
       100         18         24          4          0       1243   system_stm32f7xx.o
       246         28          0          0        112       3055   vcom_serial.o
       312         42          0          1        112       4171   xbee.o
       720         44          0          8       1030       3109   xbee_packet_parser.o
       416        150         36         20        748       4651   xbee_processing_thread.o

    ----------------------------------------------------------------------
     18398       1508      16320        188      37812     991565   Object Totals
         0          0         32          0          0          0   (incl. Generated)
        22          0          3          4          6          0   (incl. Padding)

    ----------------------------------------------------------------------

      Code (inc. data)   RO Data    RW Data    ZI Data      Debug   Library Member Name

       268         24          0          1          0       4524   hal_cm.o
       408         34          0          0          0        824   hal_cm4.o
      1666        182          0          8          0      43863   rt_cmsis.o
        80          4          0          0          0        709   rt_event.o
       530         34          0          0         48       8685   rt_list.o
       706         14          0          0          0       5123   rt_mailbox.o
       140          0          0          0          0       2069   rt_membox.o
       128          0          0          0          0       2451   rt_memory.o
        96         22          0          8          0       1254   rt_robin.o
        52          4          0          0          0        621   rt_semaphore.o
       298         52          0          8          0       6511   rt_system.o
      1216        174          0          8         52      10129   rt_task.o
         6          0          0          4          0        700   rt_time.o
         4          4          0          0          0        208   svc_table.o
         0          0          0          0          0          0   entry.o
         0          0          0          0          0          0   entry10a.o
         0          0          0          0          0          0   entry11a.o
         8          4          0          0          0          0   entry2.o
         4          0          0          0          0          0   entry5.o
         0          0          0          0          0          0   entry7b.o
         0          0          0          0          0          0   entry8b.o
        30          0          0          0          0          0   handlers.o
        36          8          0          0          0         68   init.o
         0          0          0          0          0          0   iusefp.o
        30          0          0          0          0         68   llshl.o
        36          0          0          0          0         68   llsshr.o
        32          0          0          0          0         68   llushr.o
       188         20          0          0          0        160   malloc.o
        36          0          0          0          0         68   memcpya.o
         0          0          0          8          0          0   mvars.o
      2276         96          0          0          0        596   printfa.o
         0          0          0          4          0          0   stdout.o
        44          0          0          0          0         80   uidiv.o
        98          0          0          0          0         92   uldiv.o
        48          0          0          0          0         68   cdrcmple.o
        56          0          0          0          0         88   d2f.o
       334          0          0          0          0        148   dadd.o
       222          0          0          0          0        100   ddiv.o
       186          0          0          0          0        176   depilogue.o
        62          0          0          0          0         80   dfixi.o
        48          0          0          0          0         68   dfixul.o
        26          0          0          0          0         76   dfltui.o
       228          0          0          0          0         96   dmul.o
        38          0          0          0          0         68   f2d.o
       110          0          0          0          0        168   fepilogue.o

    ----------------------------------------------------------------------
      9802        676          0         52        100      90075   Library Totals
        28          0          0          3          0          0   (incl. Padding)

    ----------------------------------------------------------------------

      Code (inc. data)   RO Data    RW Data    ZI Data      Debug   Library Name

      5598        548          0         37        100      87671   RTX_CM4.lib
      2818        128          0         12          0       1268   mc_w.l
      1358          0          0          0          0       1136   mf_w.l

    ----------------------------------------------------------------------
      9802        676          0         52        100      90075   Library Totals

    ----------------------------------------------------------------------

==============================================================================


      Code (inc. data)   RO Data    RW Data    ZI Data      Debug   

     28200       2184      16320        240      37912    1060196   Grand Totals
     28200       2184      16320        240      37912    1060196   ELF Image Totals
     28200       2184      16320        240          0          0   ROM Totals

==============================================================================

    Total RO  Size (Code + RO Data)                44520 (  43.48kB)
    Total RW  Size (RW Data + ZI Data)             38152 (  37.26kB)
    Total ROM Size (Code + RO Data + RW Data)      44760 (  43.71kB)

==============================================================================

