<html>
<body>
<pre>
<h1>µVision Build Log</h1>
<h2>Tool Versions:</h2>
IDE-Version: µVision V5.18a
Copyright (C) 2016 ARM Ltd and ARM Germany GmbH. All rights reserved.
License Information: Faculty ACES Sheffield Hallam University Flex license: MDK-ARM Professional: 60 user(s) (mdk_pro) Operation stops: 4 Jul 2019
 
Tool Versions:
Toolchain:       MDK-ARM Professional: 60 user(s)  Version: 5.18a
Toolchain Path:  C:\Keil_v5\ARM\ARMCC\Bin
C Compiler:      Armcc.exe V5.06 update 1 (build 61)
Assembler:       Armasm.exe V5.06 update 1 (build 61)
Linker/Locator:  ArmLink.exe V5.06 update 1 (build 61)
Library Manager: ArmAr.exe V5.06 update 1 (build 61)
Hex Converter:   FromElf.exe V5.06 update 1 (build 61)
CPU DLL:         SARMCM3.DLL V5.18a
Dialog DLL:      DCM.DLL V1.13.6.0
Target DLL:      STLink\ST-LINKIII-KEIL_SWO.dll V2.0.18.0
Dialog DLL:      TCM.DLL V1.14.8.0
 
<h2>Project:</h2>
F:\MyWork\GitHub\Final-Year-Work\Embedded\lab_1_04\2_assignment_code\mdk-arm\rtos_xbee.uvprojx
Project File Date:  03/06/2019

<h2>Output:</h2>
*** Using Compiler 'V5.06 update 1 (build 61)', folder: 'C:\Keil_v5\ARM\ARMCC\Bin'
Build target 'rtos_xbee'
compiling itm_debug.c...
compiling main.c...
compiling vcom_serial.c...
compiling xbee.c...
compiling xbee_processing_thread.c...
compiling data_display_thread.c...
compiling xbee_packet_parser.c...
assembling startup_stm32f746xx.s...
compiling rtx_conf_cm.c...
compiling system_stm32f7xx.c...
compiling stm32f7xx_it.c...
compiling stm32f7xx_hal.c...
compiling stm32f7xx_hal_cec.c...
compiling stm32f7xx_hal_can.c...
compiling stm32f7xx_hal_adc.c...
compiling stm32f7xx_hal_adc_ex.c...
compiling stm32f7xx_hal_dac_ex.c...
compiling stm32f7xx_hal_crc.c...
compiling stm32f7xx_hal_cryp_ex.c...
compiling stm32f7xx_hal_cryp.c...
compiling stm32f7xx_hal_crc_ex.c...
compiling stm32f7xx_hal_cortex.c...
compiling stm32f7xx_hal_dac.c...
compiling stm32f7xx_hal_dsi.c...
compiling stm32f7xx_hal_dma2d.c...
compiling stm32f7xx_hal_dfsdm.c...
compiling stm32f7xx_hal_dcmi_ex.c...
compiling stm32f7xx_hal_dma_ex.c...
compiling stm32f7xx_hal_dcmi.c...
compiling stm32f7xx_hal_dma.c...
compiling stm32f7xx_hal_hash.c...
compiling stm32f7xx_hal_flash_ex.c...
compiling stm32f7xx_hal_hcd.c...
compiling stm32f7xx_hal_gpio.c...
compiling stm32f7xx_hal_eth.c...
compiling stm32f7xx_hal_flash.c...
compiling stm32f7xx_hal_hash_ex.c...
compiling stm32f7xx_hal_i2c_ex.c...
compiling stm32f7xx_hal_iwdg.c...
compiling stm32f7xx_hal_jpeg.c...
compiling stm32f7xx_hal_i2s.c...
compiling stm32f7xx_hal_irda.c...
compiling stm32f7xx_hal_lptim.c...
compiling stm32f7xx_hal_i2c.c...
compiling stm32f7xx_hal_mdios.c...
compiling stm32f7xx_hal_ltdc_ex.c...
compiling stm32f7xx_hal_nor.c...
compiling stm32f7xx_hal_ltdc.c...
compiling stm32f7xx_hal_mmc.c...
compiling stm32f7xx_hal_nand.c...
compiling stm32f7xx_hal_pcd.c...
compiling stm32f7xx_hal_pcd_ex.c...
compiling stm32f7xx_hal_pwr_ex.c...
compiling stm32f7xx_hal_rcc.c...
compiling stm32f7xx_hal_pwr.c...
compiling stm32f7xx_hal_rcc_ex.c...
compiling stm32f7xx_hal_rng.c...
compiling stm32f7xx_hal_qspi.c...
compiling stm32f7xx_hal_sdram.c...
compiling stm32f7xx_hal_sai_ex.c...
compiling stm32f7xx_hal_rtc.c...
compiling stm32f7xx_hal_rtc_ex.c...
compiling stm32f7xx_hal_sd.c...
compiling stm32f7xx_hal_sai.c...
compiling stm32f7xx_hal_smartcard.c...
compiling stm32f7xx_hal_smartcard_ex.c...
compiling stm32f7xx_hal_spdifrx.c...
compiling stm32f7xx_hal_smbus.c...
compiling stm32f7xx_hal_sram.c...
compiling stm32f7xx_hal_spi.c...
compiling stm32f7xx_hal_tim_ex.c...
compiling stm32f7xx_ll_crc.c...
compiling stm32f7xx_hal_tim.c...
compiling stm32f7xx_ll_adc.c...
compiling stm32f7xx_ll_exti.c...
compiling stm32f7xx_ll_dma.c...
compiling stm32f7xx_ll_dma2d.c...
compiling stm32f7xx_ll_dac.c...
compiling stm32f7xx_ll_lptim.c...
compiling stm32f7xx_ll_gpio.c...
compiling stm32f7xx_ll_i2c.c...
compiling stm32f7xx_ll_pwr.c...
compiling stm32f7xx_ll_rcc.c...
compiling stm32f7xx_ll_rng.c...
compiling stm32f7xx_ll_rtc.c...
compiling stm32f7xx_ll_spi.c...
compiling stm32f7xx_ll_usart.c...
compiling stm32f7xx_ll_tim.c...
compiling stm32f7xx_hal_wwdg.c...
compiling stm32f7xx_hal_usart.c...
compiling stm32f7xx_ll_fmc.c...
compiling stm32f7xx_hal_uart.c...
compiling stm32f7xx_ll_usb.c...
compiling stm32f7xx_ll_sdmmc.c...
compiling stm32f7xx_ll_utils.c...
..\..\..\libraries\stm32f7xx_hal\src\stm32f7xx_ll_utils.c(45): warning:  #47-D: incompatible redefinition of macro "assert_param" (declared at line 414 of "..\inc\stm32f7xx_hal_conf.h")
  #define assert_param(expr) ((void)0U)
..\..\..\libraries\stm32f7xx_hal\src\stm32f7xx_ll_utils.c: 1 warning, 0 errors
compiling stm32746g_discovery.c...
compiling gpio.c...
compiling clock.c...
compiling adc.c...
compiling stm32746g_discovery_sdram.c...
compiling stm32746g_discovery_lcd.c...
linking...
Program Size: Code=28200 RO-data=16320 RW-data=240 ZI-data=37912  
".\objects\blinky.axf" - 0 Error(s), 1 Warning(s).

<h2>Collection of Component include folders:</h2>
  F:\MyWork\GitHub\Final-Year-Work\Embedded\lab_1_04\2_assignment_code\mdk-arm\RTE
  C:\Keil_v5\ARM\PACK\Keil\STM32F7xx_DFP\2.7.0\Drivers\CMSIS\Device\ST\STM32F7xx\Include

<h2>Collection of Component Files used:</h2>
Build Time Elapsed:  00:03:44
</pre>
</body>
</html>
